Archive member included to satisfy reference by file (symbol)

c:/programfiles/msys64/ucrt64/bin/../lib/gcc/arm-none-eabi/12.2.0/../../../../arm-none-eabi/lib/thumb/v7e-m/nofp\libc_nano.a(lib_a-atexit.o)
                              c:/programfiles/msys64/ucrt64/bin/../lib/gcc/arm-none-eabi/12.2.0/../../../../arm-none-eabi/lib/thumb/v7e-m/nofp/crt0.o (atexit)
c:/programfiles/msys64/ucrt64/bin/../lib/gcc/arm-none-eabi/12.2.0/../../../../arm-none-eabi/lib/thumb/v7e-m/nofp\libc_nano.a(lib_a-exit.o)
                              c:/programfiles/msys64/ucrt64/bin/../lib/gcc/arm-none-eabi/12.2.0/../../../../arm-none-eabi/lib/thumb/v7e-m/nofp/crt0.o (exit)
c:/programfiles/msys64/ucrt64/bin/../lib/gcc/arm-none-eabi/12.2.0/../../../../arm-none-eabi/lib/thumb/v7e-m/nofp\libc_nano.a(lib_a-fini.o)
                              c:/programfiles/msys64/ucrt64/bin/../lib/gcc/arm-none-eabi/12.2.0/../../../../arm-none-eabi/lib/thumb/v7e-m/nofp/crt0.o (__libc_fini_array)
c:/programfiles/msys64/ucrt64/bin/../lib/gcc/arm-none-eabi/12.2.0/../../../../arm-none-eabi/lib/thumb/v7e-m/nofp\libc_nano.a(lib_a-impure.o)
                              c:/programfiles/msys64/ucrt64/bin/../lib/gcc/arm-none-eabi/12.2.0/../../../../arm-none-eabi/lib/thumb/v7e-m/nofp\libc_nano.a(lib_a-exit.o) (_global_impure_ptr)
c:/programfiles/msys64/ucrt64/bin/../lib/gcc/arm-none-eabi/12.2.0/../../../../arm-none-eabi/lib/thumb/v7e-m/nofp\libc_nano.a(lib_a-init.o)
                              c:/programfiles/msys64/ucrt64/bin/../lib/gcc/arm-none-eabi/12.2.0/../../../../arm-none-eabi/lib/thumb/v7e-m/nofp/crt0.o (__libc_init_array)
c:/programfiles/msys64/ucrt64/bin/../lib/gcc/arm-none-eabi/12.2.0/../../../../arm-none-eabi/lib/thumb/v7e-m/nofp\libc_nano.a(lib_a-malloc.o)
                              build/main.o (malloc)
c:/programfiles/msys64/ucrt64/bin/../lib/gcc/arm-none-eabi/12.2.0/../../../../arm-none-eabi/lib/thumb/v7e-m/nofp\libc_nano.a(lib_a-memset.o)
                              c:/programfiles/msys64/ucrt64/bin/../lib/gcc/arm-none-eabi/12.2.0/../../../../arm-none-eabi/lib/thumb/v7e-m/nofp/crt0.o (memset)
c:/programfiles/msys64/ucrt64/bin/../lib/gcc/arm-none-eabi/12.2.0/../../../../arm-none-eabi/lib/thumb/v7e-m/nofp\libc_nano.a(lib_a-nano-freer.o)
                              c:/programfiles/msys64/ucrt64/bin/../lib/gcc/arm-none-eabi/12.2.0/../../../../arm-none-eabi/lib/thumb/v7e-m/nofp\libc_nano.a(lib_a-malloc.o) (_free_r)
c:/programfiles/msys64/ucrt64/bin/../lib/gcc/arm-none-eabi/12.2.0/../../../../arm-none-eabi/lib/thumb/v7e-m/nofp\libc_nano.a(lib_a-nano-mallocr.o)
                              c:/programfiles/msys64/ucrt64/bin/../lib/gcc/arm-none-eabi/12.2.0/../../../../arm-none-eabi/lib/thumb/v7e-m/nofp\libc_nano.a(lib_a-malloc.o) (_malloc_r)
c:/programfiles/msys64/ucrt64/bin/../lib/gcc/arm-none-eabi/12.2.0/../../../../arm-none-eabi/lib/thumb/v7e-m/nofp\libc_nano.a(lib_a-printf.o)
                              build/main.o (printf)
c:/programfiles/msys64/ucrt64/bin/../lib/gcc/arm-none-eabi/12.2.0/../../../../arm-none-eabi/lib/thumb/v7e-m/nofp\libc_nano.a(lib_a-sbrkr.o)
                              c:/programfiles/msys64/ucrt64/bin/../lib/gcc/arm-none-eabi/12.2.0/../../../../arm-none-eabi/lib/thumb/v7e-m/nofp\libc_nano.a(lib_a-nano-mallocr.o) (_sbrk_r)
c:/programfiles/msys64/ucrt64/bin/../lib/gcc/arm-none-eabi/12.2.0/../../../../arm-none-eabi/lib/thumb/v7e-m/nofp\libc_nano.a(lib_a-__atexit.o)
                              c:/programfiles/msys64/ucrt64/bin/../lib/gcc/arm-none-eabi/12.2.0/../../../../arm-none-eabi/lib/thumb/v7e-m/nofp\libc_nano.a(lib_a-atexit.o) (__register_exitproc)
c:/programfiles/msys64/ucrt64/bin/../lib/gcc/arm-none-eabi/12.2.0/../../../../arm-none-eabi/lib/thumb/v7e-m/nofp\libc_nano.a(lib_a-__call_atexit.o)
                              c:/programfiles/msys64/ucrt64/bin/../lib/gcc/arm-none-eabi/12.2.0/../../../../arm-none-eabi/lib/thumb/v7e-m/nofp\libc_nano.a(lib_a-__atexit.o) (__call_exitprocs)
c:/programfiles/msys64/ucrt64/bin/../lib/gcc/arm-none-eabi/12.2.0/../../../../arm-none-eabi/lib/thumb/v7e-m/nofp\libc_nano.a(lib_a-findfp.o)
                              c:/programfiles/msys64/ucrt64/bin/../lib/gcc/arm-none-eabi/12.2.0/../../../../arm-none-eabi/lib/thumb/v7e-m/nofp\libc_nano.a(lib_a-printf.o) (__sinit)
c:/programfiles/msys64/ucrt64/bin/../lib/gcc/arm-none-eabi/12.2.0/../../../../arm-none-eabi/lib/thumb/v7e-m/nofp\libc_nano.a(lib_a-fwalk.o)
                              c:/programfiles/msys64/ucrt64/bin/../lib/gcc/arm-none-eabi/12.2.0/../../../../arm-none-eabi/lib/thumb/v7e-m/nofp\libc_nano.a(lib_a-findfp.o) (_fwalk)
c:/programfiles/msys64/ucrt64/bin/../lib/gcc/arm-none-eabi/12.2.0/../../../../arm-none-eabi/lib/thumb/v7e-m/nofp\libc_nano.a(lib_a-lock.o)
                              c:/programfiles/msys64/ucrt64/bin/../lib/gcc/arm-none-eabi/12.2.0/../../../../arm-none-eabi/lib/thumb/v7e-m/nofp\libc_nano.a(lib_a-findfp.o) (__retarget_lock_init_recursive)
[...]
Memory Configuration

Name             Origin             Length             Attributes
DTCMRAM          0x0000000020000000 0x0000000000020000 xrw
FLASH            0x0000000008000000 0x0000000000020000 xr
*default*        0x0000000000000000 0xffffffffffffffff

Linker script and memory map

LOAD c:/programfiles/msys64/ucrt64/bin/../lib/gcc/arm-none-eabi/12.2.0/thumb/v7e-m/nofp/crti.o
LOAD c:/programfiles/msys64/ucrt64/bin/../lib/gcc/arm-none-eabi/12.2.0/thumb/v7e-m/nofp/crtbegin.o
LOAD c:/programfiles/msys64/ucrt64/bin/../lib/gcc/arm-none-eabi/12.2.0/../../../../arm-none-eabi/lib/thumb/v7e-m/nofp/crt0.o
LOAD build/start.o
LOAD build/main.o
LOAD c:/programfiles/msys64/ucrt64/bin/../lib/gcc/arm-none-eabi/12.2.0/../../../../arm-none-eabi/lib/thumb/v7e-m/nofp\libc_nano.a
LOAD c:/programfiles/msys64/ucrt64/bin/../lib/gcc/arm-none-eabi/12.2.0/../../../../arm-none-eabi/lib/thumb/v7e-m/nofp\libm.a
LOAD c:/programfiles/msys64/ucrt64/bin/../lib/gcc/arm-none-eabi/12.2.0/../../../../arm-none-eabi/lib/thumb/v7e-m/nofp\libnosys.a
START GROUP
LOAD c:/programfiles/msys64/ucrt64/bin/../lib/gcc/arm-none-eabi/12.2.0/thumb/v7e-m/nofp\libgcc.a
LOAD c:/programfiles/msys64/ucrt64/bin/../lib/gcc/arm-none-eabi/12.2.0/../../../../arm-none-eabi/lib/thumb/v7e-m/nofp\libc_nano.a
END GROUP
START GROUP
LOAD c:/programfiles/msys64/ucrt64/bin/../lib/gcc/arm-none-eabi/12.2.0/thumb/v7e-m/nofp\libgcc.a
LOAD c:/programfiles/msys64/ucrt64/bin/../lib/gcc/arm-none-eabi/12.2.0/../../../../arm-none-eabi/lib/thumb/v7e-m/nofp\libc_nano.a
END GROUP
LOAD c:/programfiles/msys64/ucrt64/bin/../lib/gcc/arm-none-eabi/12.2.0/thumb/v7e-m/nofp/crtend.o
LOAD c:/programfiles/msys64/ucrt64/bin/../lib/gcc/arm-none-eabi/12.2.0/thumb/v7e-m/nofp/crtn.o
                0x0000000020020000                _estack = (ORIGIN (DTCMRAM) + LENGTH (DTCMRAM))
                0x0000000000002000                _Min_Heap_Size = 0x2000
                0x0000000000004000                _Min_Stack_Size = 0x4000

.my_vertor      0x0000000008000000        0x8
                0x0000000008000000                . = ALIGN (0x4)
 *(.isr_vector)
 .isr_vector    0x0000000008000000        0x8 build/start.o
                0x0000000008000008                . = ALIGN (0x4)

.text           0x0000000008000010     0x1b64
                0x0000000008000010                . = ALIGN (0x4)
 *(.text)
 .text          0x0000000008000010        0x6 build/start.o
                0x0000000008000010                reset
 *fill*         0x0000000008000016        0x2 
 .text          0x0000000008000018       0x40 build/main.o
                0x0000000008000018                main
 .text          0x0000000008000058       0x50 c:/programfiles/msys64/ucrt64/bin/../lib/gcc/arm-none-eabi/12.2.0/../../../../arm-none-eabi/lib/thumb/v7e-m/nofp\libc_nano.a(lib_a-init.o)
                0x0000000008000058                __libc_init_array
 .text          0x00000000080000a8       0x20 c:/programfiles/msys64/ucrt64/bin/../lib/gcc/arm-none-eabi/12.2.0/../../../../arm-none-eabi/lib/thumb/v7e-m/nofp\libc_nano.a(lib_a-malloc.o)
                0x00000000080000a8                malloc
                0x00000000080000b8                free
 .text          0x00000000080000c8       0xa4 c:/programfiles/msys64/ucrt64/bin/../lib/gcc/arm-none-eabi/12.2.0/../../../../arm-none-eabi/lib/thumb/v7e-m/nofp\libc_nano.a(lib_a-memset.o)
                0x00000000080000c8                memset
 .text          0x000000000800016c       0xbc c:/programfiles/msys64/ucrt64/bin/../lib/gcc/arm-none-eabi/12.2.0/../../../../arm-none-eabi/lib/thumb/v7e-m/nofp\libc_nano.a(lib_a-nano-freer.o)
                0x000000000800016c                _free_r
 .text          0x0000000008000228      0x128 c:/programfiles/msys64/ucrt64/bin/../lib/gcc/arm-none-eabi/12.2.0/../../../../arm-none-eabi/lib/thumb/v7e-m/nofp\libc_nano.a(lib_a-nano-mallocr.o)
                0x0000000008000270                _malloc_r
 .text          0x0000000008000350       0x60 c:/programfiles/msys64/ucrt64/bin/../lib/gcc/arm-none-eabi/12.2.0/../../../../arm-none-eabi/lib/thumb/v7e-m/nofp\libc_nano.a(lib_a-printf.o)
                0x0000000008000350                _printf_r
                0x0000000008000350                _iprintf_r
                0x000000000800037c                iprintf
                0x000000000800037c                printf
 .text          0x00000000080003b0       0x24 c:/programfiles/msys64/ucrt64/bin/../lib/gcc/arm-none-eabi/12.2.0/../../../../arm-none-eabi/lib/thumb/v7e-m/nofp\libc_nano.a(lib_a-sbrkr.o)
                0x00000000080003b0                _sbrk_r
 .text          0x00000000080003d4      0x2d4 c:/programfiles/msys64/ucrt64/bin/../lib/gcc/arm-none-eabi/12.2.0/../../../../arm-none-eabi/lib/thumb/v7e-m/nofp\libc_nano.a(lib_a-findfp.o)
                0x00000000080003d4                _cleanup_r
                0x0000000008000418                __sfmoreglue
                0x0000000008000448                _cleanup
                0x000000000800045c                __sinit
                0x0000000008000574                __sfp
                0x0000000008000630                __sfp_lock_acquire
                0x000000000800063c                __sfp_lock_release
                0x0000000008000648                __sinit_lock_acquire
                0x0000000008000654                __sinit_lock_release
                0x0000000008000660                __fp_lock_all
                0x0000000008000684                __fp_unlock_all
 .text          0x00000000080006a8       0x88 c:/programfiles/msys64/ucrt64/bin/../lib/gcc/arm-none-eabi/12.2.0/../../../../arm-none-eabi/lib/thumb/v7e-m/nofp\libc_nano.a(lib_a-fwalk.o)
                0x00000000080006a8                _fwalk
                0x00000000080006e8                _fwalk_reent
 .text          0x0000000008000730       0x28 c:/programfiles/msys64/ucrt64/bin/../lib/gcc/arm-none-eabi/12.2.0/../../../../arm-none-eabi/lib/thumb/v7e-m/nofp\libc_nano.a(lib_a-lock.o)
                0x0000000008000730                __retarget_lock_init
                0x0000000008000734                __retarget_lock_init_recursive
                0x0000000008000738                __retarget_lock_close
                0x000000000800073c                __retarget_lock_close_recursive
                0x0000000008000740                __retarget_lock_acquire
                0x0000000008000744                __retarget_lock_acquire_recursive
                0x0000000008000748                __retarget_lock_try_acquire
                0x000000000800074c                __retarget_lock_try_acquire_recursive
                0x0000000008000750                __retarget_lock_release
                0x0000000008000754                __retarget_lock_release_recursive
 .text          0x0000000008000758       0x18 c:/programfiles/msys64/ucrt64/bin/../lib/gcc/arm-none-eabi/12.2.0/../../../../arm-none-eabi/lib/thumb/v7e-m/nofp\libc_nano.a(lib_a-mlock.o)
                0x0000000008000758                __malloc_lock
                0x0000000008000764                __malloc_unlock
 .text          0x0000000008000770      0x38c c:/programfiles/msys64/ucrt64/bin/../lib/gcc/arm-none-eabi/12.2.0/../../../../arm-none-eabi/lib/thumb/v7e-m/nofp\libc_nano.a(lib_a-nano-vfprintf.o)
                0x0000000008000798                __sfputs_r
                0x00000000080007c8                __sprint_r
                0x00000000080007e8                _vfiprintf_r
                0x00000000080007e8                _vfprintf_r
                0x0000000008000ae4                vfprintf
                0x0000000008000ae4                vfiprintf
 .text          0x0000000008000afc      0x3a4 c:/programfiles/msys64/ucrt64/bin/../lib/gcc/arm-none-eabi/12.2.0/../../../../arm-none-eabi/lib/thumb/v7e-m/nofp\libc_nano.a(lib_a-nano-vfprintf_i.o)
                0x0000000008000afc                _printf_common
                0x0000000008000c20                _printf_i
 .text          0x0000000008000ea0       0x94 c:/programfiles/msys64/ucrt64/bin/../lib/gcc/arm-none-eabi/12.2.0/../../../../arm-none-eabi/lib/thumb/v7e-m/nofp\libc_nano.a(lib_a-stdio.o)
                0x0000000008000ea0                __sread
                0x0000000008000ec4                __seofread
                0x0000000008000ec8                __swrite
                0x0000000008000f08                __sseek
                0x0000000008000f2c                __sclose
 .text          0x0000000008000f34       0xc8 c:/programfiles/msys64/ucrt64/bin/../lib/gcc/arm-none-eabi/12.2.0/../../../../arm-none-eabi/lib/thumb/v7e-m/nofp\libc_nano.a(lib_a-wbuf.o)
                0x0000000008000f34                __swbuf_r
                0x0000000008000fe4                __swbuf
 .text          0x0000000008000ffc       0x2c c:/programfiles/msys64/ucrt64/bin/../lib/gcc/arm-none-eabi/12.2.0/../../../../arm-none-eabi/lib/thumb/v7e-m/nofp\libc_nano.a(lib_a-writer.o)
                0x0000000008000ffc                _write_r
 .text          0x0000000008001028       0xf4 c:/programfiles/msys64/ucrt64/bin/../lib/gcc/arm-none-eabi/12.2.0/../../../../arm-none-eabi/lib/thumb/v7e-m/nofp\libc_nano.a(lib_a-wsetup.o)
                0x0000000008001028                __swsetup_r
 .text          0x000000000800111c       0x24 c:/programfiles/msys64/ucrt64/bin/../lib/gcc/arm-none-eabi/12.2.0/../../../../arm-none-eabi/lib/thumb/v7e-m/nofp\libc_nano.a(lib_a-closer.o)
                0x000000000800111c                _close_r
 .text          0x0000000008001140      0x1b4 c:/programfiles/msys64/ucrt64/bin/../lib/gcc/arm-none-eabi/12.2.0/../../../../arm-none-eabi/lib/thumb/v7e-m/nofp\libc_nano.a(lib_a-fflush.o)
                0x0000000008001140                __sflush_r
                0x0000000008001250                _fflush_r
                0x00000000080012d0                fflush
 .text          0x00000000080012f4      0x2f8 c:/programfiles/msys64/ucrt64/bin/../lib/gcc/arm-none-eabi/12.2.0/../../../../arm-none-eabi/lib/thumb/v7e-m/nofp\libc_nano.a(lib_a-fvwrite.o)
                0x00000000080012f4                __sfvwrite_r
 .text          0x00000000080015ec       0x2c c:/programfiles/msys64/ucrt64/bin/../lib/gcc/arm-none-eabi/12.2.0/../../../../arm-none-eabi/lib/thumb/v7e-m/nofp\libc_nano.a(lib_a-lseekr.o)
                0x00000000080015ec                _lseek_r
 .text          0x0000000008001618      0x114 c:/programfiles/msys64/ucrt64/bin/../lib/gcc/arm-none-eabi/12.2.0/../../../../arm-none-eabi/lib/thumb/v7e-m/nofp\libc_nano.a(lib_a-makebuf.o)
                0x0000000008001618                __smakebuf_r
                0x00000000080016dc                __swhatbuf_r
 *fill*         0x000000000800172c        0x4 
 .text          0x0000000008001730       0xa0 c:/programfiles/msys64/ucrt64/bin/../lib/gcc/arm-none-eabi/12.2.0/../../../../arm-none-eabi/lib/thumb/v7e-m/nofp\libc_nano.a(lib_a-memchr.o)
                0x0000000008001730                memchr
 .text          0x00000000080017d0      0x134 c:/programfiles/msys64/ucrt64/bin/../lib/gcc/arm-none-eabi/12.2.0/../../../../arm-none-eabi/lib/thumb/v7e-m/nofp\libc_nano.a(lib_a-memcpy.o)
                0x00000000080017d0                memcpy
 .text          0x0000000008001904      0x100 c:/programfiles/msys64/ucrt64/bin/../lib/gcc/arm-none-eabi/12.2.0/../../../../arm-none-eabi/lib/thumb/v7e-m/nofp\libc_nano.a(lib_a-memmove.o)
                0x0000000008001904                memmove
 .text          0x0000000008001a04       0x68 c:/programfiles/msys64/ucrt64/bin/../lib/gcc/arm-none-eabi/12.2.0/../../../../arm-none-eabi/lib/thumb/v7e-m/nofp\libc_nano.a(lib_a-nano-reallocr.o)
                0x0000000008001a04                _realloc_r
 .text          0x0000000008001a6c       0x2c c:/programfiles/msys64/ucrt64/bin/../lib/gcc/arm-none-eabi/12.2.0/../../../../arm-none-eabi/lib/thumb/v7e-m/nofp\libc_nano.a(lib_a-readr.o)
                0x0000000008001a6c                _read_r
 .text          0x0000000008001a98       0x2c c:/programfiles/msys64/ucrt64/bin/../lib/gcc/arm-none-eabi/12.2.0/../../../../arm-none-eabi/lib/thumb/v7e-m/nofp\libc_nano.a(lib_a-fstatr.o)
                0x0000000008001a98                _fstat_r
 .text          0x0000000008001ac4       0x24 c:/programfiles/msys64/ucrt64/bin/../lib/gcc/arm-none-eabi/12.2.0/../../../../arm-none-eabi/lib/thumb/v7e-m/nofp\libc_nano.a(lib_a-isattyr.o)
                0x0000000008001ac4                _isatty_r
 .text          0x0000000008001ae8       0x10 c:/programfiles/msys64/ucrt64/bin/../lib/gcc/arm-none-eabi/12.2.0/../../../../arm-none-eabi/lib/thumb/v7e-m/nofp\libc_nano.a(lib_a-nano-msizer.o)
                0x0000000008001ae8                _malloc_usable_size_r
 .text          0x0000000008001af8       0x10 c:/programfiles/msys64/ucrt64/bin/../lib/gcc/arm-none-eabi/12.2.0/../../../../arm-none-eabi/lib/thumb/v7e-m/nofp\libnosys.a(close.o)
                0x0000000008001af8                _close
 .text          0x0000000008001b08       0x10 c:/programfiles/msys64/ucrt64/bin/../lib/gcc/arm-none-eabi/12.2.0/../../../../arm-none-eabi/lib/thumb/v7e-m/nofp\libnosys.a(fstat.o)
                0x0000000008001b08                _fstat
 .text          0x0000000008001b18       0x10 c:/programfiles/msys64/ucrt64/bin/../lib/gcc/arm-none-eabi/12.2.0/../../../../arm-none-eabi/lib/thumb/v7e-m/nofp\libnosys.a(isatty.o)
                0x0000000008001b18                _isatty
 .text          0x0000000008001b28       0x10 c:/programfiles/msys64/ucrt64/bin/../lib/gcc/arm-none-eabi/12.2.0/../../../../arm-none-eabi/lib/thumb/v7e-m/nofp\libnosys.a(lseek.o)
                0x0000000008001b28                _lseek
 .text          0x0000000008001b38       0x10 c:/programfiles/msys64/ucrt64/bin/../lib/gcc/arm-none-eabi/12.2.0/../../../../arm-none-eabi/lib/thumb/v7e-m/nofp\libnosys.a(read.o)
                0x0000000008001b38                _read
 .text          0x0000000008001b48       0x1c c:/programfiles/msys64/ucrt64/bin/../lib/gcc/arm-none-eabi/12.2.0/../../../../arm-none-eabi/lib/thumb/v7e-m/nofp\libnosys.a(sbrk.o)
                0x0000000008001b48                _sbrk
 .text          0x0000000008001b64       0x10 c:/programfiles/msys64/ucrt64/bin/../lib/gcc/arm-none-eabi/12.2.0/../../../../arm-none-eabi/lib/thumb/v7e-m/nofp\libnosys.a(write.o)
                0x0000000008001b64                _write
                0x0000000008001b74                . = ALIGN (0x4)

.glue_7         0x0000000008001b74        0x0
 .glue_7        0x0000000008001b74        0x0 linker stubs

.glue_7t        0x0000000008001b74        0x0
 .glue_7t       0x0000000008001b74        0x0 linker stubs

.vfp11_veneer   0x0000000008001b74        0x0
 .vfp11_veneer  0x0000000008001b74        0x0 linker stubs

.v4_bx          0x0000000008001b74        0x0
 .v4_bx         0x0000000008001b74        0x0 linker stubs

.init           0x0000000008001b74        0x4
 .init          0x0000000008001b74        0x4 c:/programfiles/msys64/ucrt64/bin/../lib/gcc/arm-none-eabi/12.2.0/thumb/v7e-m/nofp/crti.o
                0x0000000008001b74                _init

.fini           0x0000000008001b78        0x4
 .fini          0x0000000008001b78        0x4 c:/programfiles/msys64/ucrt64/bin/../lib/gcc/arm-none-eabi/12.2.0/thumb/v7e-m/nofp/crti.o
                0x0000000008001b78                _fini

.iplt           0x0000000008001b7c        0x0
 .iplt          0x0000000008001b7c        0x0 build/start.o

.igot.plt       0x0000000008001b7c        0x0
 .igot.plt      0x0000000008001b7c        0x0 build/start.o

.data           0x0000000008001b7c       0x64
 .data          0x0000000008001b7c       0x64 c:/programfiles/msys64/ucrt64/bin/../lib/gcc/arm-none-eabi/12.2.0/../../../../arm-none-eabi/lib/thumb/v7e-m/nofp\libc_nano.a(lib_a-impure.o)
                0x0000000008001b7c                _impure_ptr

.rodata         0x0000000008001be0       0xb0
                0x0000000008001be0                . = ALIGN (0x4)
 *(.rodata)
 .rodata        0x0000000008001be0       0x10 build/main.o
 .rodata        0x0000000008001bf0        0x4 c:/programfiles/msys64/ucrt64/bin/../lib/gcc/arm-none-eabi/12.2.0/../../../../arm-none-eabi/lib/thumb/v7e-m/nofp\libc_nano.a(lib_a-impure.o)
                0x0000000008001bf0                _global_impure_ptr
 .rodata        0x0000000008001bf4       0x60 c:/programfiles/msys64/ucrt64/bin/../lib/gcc/arm-none-eabi/12.2.0/../../../../arm-none-eabi/lib/thumb/v7e-m/nofp\libc_nano.a(lib_a-findfp.o)
                0x0000000008001bf4                __sf_fake_stderr
                0x0000000008001c14                __sf_fake_stdout
                0x0000000008001c34                __sf_fake_stdin
 *(.rodata*)
 .rodata.str1.4
                0x0000000008001c54       0x13 c:/programfiles/msys64/ucrt64/bin/../lib/gcc/arm-none-eabi/12.2.0/../../../../arm-none-eabi/lib/thumb/v7e-m/nofp\libc_nano.a(lib_a-nano-vfprintf.o)
 *fill*         0x0000000008001c67        0x1 
 .rodata.str1.4
                0x0000000008001c68       0x25 c:/programfiles/msys64/ucrt64/bin/../lib/gcc/arm-none-eabi/12.2.0/../../../../arm-none-eabi/lib/thumb/v7e-m/nofp\libc_nano.a(lib_a-nano-vfprintf_i.o)
                0x0000000008001c90                . = ALIGN (0x4)
 *fill*         0x0000000008001c8d        0x3 

.rel.dyn        0x0000000008001c90        0x0
 .rel.iplt      0x0000000008001c90        0x0 build/start.o

.bss            0x0000000008001c90       0x34
 .bss           0x0000000008001c90        0x8 c:/programfiles/msys64/ucrt64/bin/../lib/gcc/arm-none-eabi/12.2.0/../../../../arm-none-eabi/lib/thumb/v7e-m/nofp\libc_nano.a(lib_a-nano-mallocr.o)
                0x0000000008001c90                __malloc_sbrk_start
                0x0000000008001c94                __malloc_free_list
 .bss           0x0000000008001c98       0x21 c:/programfiles/msys64/ucrt64/bin/../lib/gcc/arm-none-eabi/12.2.0/../../../../arm-none-eabi/lib/thumb/v7e-m/nofp\libc_nano.a(lib_a-lock.o)
                0x0000000008001c98                __lock___arc4random_mutex
                0x0000000008001c9c                __lock___dd_hash_mutex
                0x0000000008001ca0                __lock___tz_mutex
                0x0000000008001ca4                __lock___env_recursive_mutex
                0x0000000008001ca8                __lock___malloc_recursive_mutex
                0x0000000008001cac                __lock___at_quick_exit_mutex
                0x0000000008001cb0                __lock___atexit_recursive_mutex
                0x0000000008001cb4                __lock___sfp_recursive_mutex
                0x0000000008001cb8                __lock___sinit_recursive_mutex
 *fill*         0x0000000008001cb9        0x3 
 .bss           0x0000000008001cbc        0x4 c:/programfiles/msys64/ucrt64/bin/../lib/gcc/arm-none-eabi/12.2.0/../../../../arm-none-eabi/lib/thumb/v7e-m/nofp\libc_nano.a(lib_a-reent.o)
                0x0000000008001cbc                errno
 .bss           0x0000000008001cc0        0x4 c:/programfiles/msys64/ucrt64/bin/../lib/gcc/arm-none-eabi/12.2.0/../../../../arm-none-eabi/lib/thumb/v7e-m/nofp\libnosys.a(sbrk.o)

.heap           0x0000000020000000     0x6000
                0x0000000020000000                . = ALIGN (0x8)
                0x0000000020000000                PROVIDE (end = .)
                [!provide]                        PROVIDE (_end = .)
                0x0000000020002000                . = (. + _Min_Heap_Size)
 *fill*         0x0000000020000000     0x2000 
                0x0000000020006000                . = (. + _Min_Stack_Size)
 *fill*         0x0000000020002000     0x4000 
                0x0000000020006000                . = ALIGN (0x8)
OUTPUT(build/demo.elf elf32-littlearm)
LOAD linker stubs

.ARM.attributes
                0x0000000000000000       0x2a
 .ARM.attributes
                0x0000000000000000       0x1e c:/programfiles/msys64/ucrt64/bin/../lib/gcc/arm-none-eabi/12.2.0/thumb/v7e-m/nofp/crti.o
 .ARM.attributes
                0x000000000000001e       0x1c build/start.o
 .ARM.attributes
                0x000000000000003a       0x2e build/main.o
 .ARM.attributes
                0x0000000000000068       0x2e c:/programfiles/msys64/ucrt64/bin/../lib/gcc/arm-none-eabi/12.2.0/../../../../arm-none-eabi/lib/thumb/v7e-m/nofp\libc_nano.a(lib_a-impure.o)
 .ARM.attributes
                0x0000000000000096       0x2e c:/programfiles/msys64/ucrt64/bin/../lib/gcc/arm-none-eabi/12.2.0/../../../../arm-none-eabi/lib/thumb/v7e-m/nofp\libc_nano.a(lib_a-init.o)
 .ARM.attributes
                0x00000000000000c4       0x2e c:/programfiles/msys64/ucrt64/bin/../lib/gcc/arm-none-eabi/12.2.0/../../../../arm-none-eabi/lib/thumb/v7e-m/nofp\libc_nano.a(lib_a-malloc.o)
 .ARM.attributes
                0x00000000000000f2       0x2e c:/programfiles/msys64/ucrt64/bin/../lib/gcc/arm-none-eabi/12.2.0/../../../../arm-none-eabi/lib/thumb/v7e-m/nofp\libc_nano.a(lib_a-memset.o)
 .ARM.attributes
                0x0000000000000120       0x2e c:/programfiles/msys64/ucrt64/bin/../lib/gcc/arm-none-eabi/12.2.0/../../../../arm-none-eabi/lib/thumb/v7e-m/nofp\libc_nano.a(lib_a-nano-freer.o)
 .ARM.attributes
                0x000000000000014e       0x2e c:/programfiles/msys64/ucrt64/bin/../lib/gcc/arm-none-eabi/12.2.0/../../../../arm-none-eabi/lib/thumb/v7e-m/nofp\libc_nano.a(lib_a-nano-mallocr.o)
 .ARM.attributes
                0x000000000000017c       0x2e c:/programfiles/msys64/ucrt64/bin/../lib/gcc/arm-none-eabi/12.2.0/../../../../arm-none-eabi/lib/thumb/v7e-m/nofp\libc_nano.a(lib_a-printf.o)
 .ARM.attributes
                0x00000000000001aa       0x2e c:/programfiles/msys64/ucrt64/bin/../lib/gcc/arm-none-eabi/12.2.0/../../../../arm-none-eabi/lib/thumb/v7e-m/nofp\libc_nano.a(lib_a-sbrkr.o)
 .ARM.attributes
                0x00000000000001d8       0x2e c:/programfiles/msys64/ucrt64/bin/../lib/gcc/arm-none-eabi/12.2.0/../../../../arm-none-eabi/lib/thumb/v7e-m/nofp\libc_nano.a(lib_a-findfp.o)
 .ARM.attributes
                0x0000000000000206       0x2e c:/programfiles/msys64/ucrt64/bin/../lib/gcc/arm-none-eabi/12.2.0/../../../../arm-none-eabi/lib/thumb/v7e-m/nofp\libc_nano.a(lib_a-fwalk.o)
 .ARM.attributes
                0x0000000000000234       0x2e c:/programfiles/msys64/ucrt64/bin/../lib/gcc/arm-none-eabi/12.2.0/../../../../arm-none-eabi/lib/thumb/v7e-m/nofp\libc_nano.a(lib_a-lock.o)
 .ARM.attributes
                0x0000000000000262       0x2e c:/programfiles/msys64/ucrt64/bin/../lib/gcc/arm-none-eabi/12.2.0/../../../../arm-none-eabi/lib/thumb/v7e-m/nofp\libc_nano.a(lib_a-mlock.o)
 .ARM.attributes
                0x0000000000000290       0x2e c:/programfiles/msys64/ucrt64/bin/../lib/gcc/arm-none-eabi/12.2.0/../../../../arm-none-eabi/lib/thumb/v7e-m/nofp\libc_nano.a(lib_a-nano-vfprintf.o)
 .ARM.attributes
                0x00000000000002be       0x2e c:/programfiles/msys64/ucrt64/bin/../lib/gcc/arm-none-eabi/12.2.0/../../../../arm-none-eabi/lib/thumb/v7e-m/nofp\libc_nano.a(lib_a-nano-vfprintf_i.o)
 .ARM.attributes
                0x00000000000002ec       0x2e c:/programfiles/msys64/ucrt64/bin/../lib/gcc/arm-none-eabi/12.2.0/../../../../arm-none-eabi/lib/thumb/v7e-m/nofp\libc_nano.a(lib_a-reent.o)
 .ARM.attributes
                0x000000000000031a       0x2e c:/programfiles/msys64/ucrt64/bin/../lib/gcc/arm-none-eabi/12.2.0/../../../../arm-none-eabi/lib/thumb/v7e-m/nofp\libc_nano.a(lib_a-stdio.o)
 .ARM.attributes
                0x0000000000000348       0x2e c:/programfiles/msys64/ucrt64/bin/../lib/gcc/arm-none-eabi/12.2.0/../../../../arm-none-eabi/lib/thumb/v7e-m/nofp\libc_nano.a(lib_a-wbuf.o)
 .ARM.attributes
                0x0000000000000376       0x2e c:/programfiles/msys64/ucrt64/bin/../lib/gcc/arm-none-eabi/12.2.0/../../../../arm-none-eabi/lib/thumb/v7e-m/nofp\libc_nano.a(lib_a-writer.o)
 .ARM.attributes
                0x00000000000003a4       0x2e c:/programfiles/msys64/ucrt64/bin/../lib/gcc/arm-none-eabi/12.2.0/../../../../arm-none-eabi/lib/thumb/v7e-m/nofp\libc_nano.a(lib_a-wsetup.o)
 .ARM.attributes
                0x00000000000003d2       0x2e c:/programfiles/msys64/ucrt64/bin/../lib/gcc/arm-none-eabi/12.2.0/../../../../arm-none-eabi/lib/thumb/v7e-m/nofp\libc_nano.a(lib_a-closer.o)
 .ARM.attributes
                0x0000000000000400       0x2e c:/programfiles/msys64/ucrt64/bin/../lib/gcc/arm-none-eabi/12.2.0/../../../../arm-none-eabi/lib/thumb/v7e-m/nofp\libc_nano.a(lib_a-fflush.o)
 .ARM.attributes
                0x000000000000042e       0x2e c:/programfiles/msys64/ucrt64/bin/../lib/gcc/arm-none-eabi/12.2.0/../../../../arm-none-eabi/lib/thumb/v7e-m/nofp\libc_nano.a(lib_a-fvwrite.o)
 .ARM.attributes
                0x000000000000045c       0x2e c:/programfiles/msys64/ucrt64/bin/../lib/gcc/arm-none-eabi/12.2.0/../../../../arm-none-eabi/lib/thumb/v7e-m/nofp\libc_nano.a(lib_a-lseekr.o)
 .ARM.attributes
                0x000000000000048a       0x2e c:/programfiles/msys64/ucrt64/bin/../lib/gcc/arm-none-eabi/12.2.0/../../../../arm-none-eabi/lib/thumb/v7e-m/nofp\libc_nano.a(lib_a-makebuf.o)
 .ARM.attributes
                0x00000000000004b8       0x1c c:/programfiles/msys64/ucrt64/bin/../lib/gcc/arm-none-eabi/12.2.0/../../../../arm-none-eabi/lib/thumb/v7e-m/nofp\libc_nano.a(lib_a-memchr.o)
 .ARM.attributes
                0x00000000000004d4       0x1c c:/programfiles/msys64/ucrt64/bin/../lib/gcc/arm-none-eabi/12.2.0/../../../../arm-none-eabi/lib/thumb/v7e-m/nofp\libc_nano.a(lib_a-memcpy.o)
 .ARM.attributes
                0x00000000000004f0       0x2e c:/programfiles/msys64/ucrt64/bin/../lib/gcc/arm-none-eabi/12.2.0/../../../../arm-none-eabi/lib/thumb/v7e-m/nofp\libc_nano.a(lib_a-memmove.o)
 .ARM.attributes
                0x000000000000051e       0x2e c:/programfiles/msys64/ucrt64/bin/../lib/gcc/arm-none-eabi/12.2.0/../../../../arm-none-eabi/lib/thumb/v7e-m/nofp\libc_nano.a(lib_a-nano-reallocr.o)
 .ARM.attributes
                0x000000000000054c       0x2e c:/programfiles/msys64/ucrt64/bin/../lib/gcc/arm-none-eabi/12.2.0/../../../../arm-none-eabi/lib/thumb/v7e-m/nofp\libc_nano.a(lib_a-readr.o)
 .ARM.attributes
                0x000000000000057a       0x2e c:/programfiles/msys64/ucrt64/bin/../lib/gcc/arm-none-eabi/12.2.0/../../../../arm-none-eabi/lib/thumb/v7e-m/nofp\libc_nano.a(lib_a-fstatr.o)
 .ARM.attributes
                0x00000000000005a8       0x2e c:/programfiles/msys64/ucrt64/bin/../lib/gcc/arm-none-eabi/12.2.0/../../../../arm-none-eabi/lib/thumb/v7e-m/nofp\libc_nano.a(lib_a-isattyr.o)
 .ARM.attributes
                0x00000000000005d6       0x2e c:/programfiles/msys64/ucrt64/bin/../lib/gcc/arm-none-eabi/12.2.0/../../../../arm-none-eabi/lib/thumb/v7e-m/nofp\libc_nano.a(lib_a-nano-msizer.o)
 .ARM.attributes
                0x0000000000000604       0x2e c:/programfiles/msys64/ucrt64/bin/../lib/gcc/arm-none-eabi/12.2.0/../../../../arm-none-eabi/lib/thumb/v7e-m/nofp\libnosys.a(close.o)
 .ARM.attributes
                0x0000000000000632       0x2e c:/programfiles/msys64/ucrt64/bin/../lib/gcc/arm-none-eabi/12.2.0/../../../../arm-none-eabi/lib/thumb/v7e-m/nofp\libnosys.a(fstat.o)
 .ARM.attributes
                0x0000000000000660       0x2e c:/programfiles/msys64/ucrt64/bin/../lib/gcc/arm-none-eabi/12.2.0/../../../../arm-none-eabi/lib/thumb/v7e-m/nofp\libnosys.a(isatty.o)
 .ARM.attributes
                0x000000000000068e       0x2e c:/programfiles/msys64/ucrt64/bin/../lib/gcc/arm-none-eabi/12.2.0/../../../../arm-none-eabi/lib/thumb/v7e-m/nofp\libnosys.a(lseek.o)
 .ARM.attributes
                0x00000000000006bc       0x2e c:/programfiles/msys64/ucrt64/bin/../lib/gcc/arm-none-eabi/12.2.0/../../../../arm-none-eabi/lib/thumb/v7e-m/nofp\libnosys.a(read.o)
 .ARM.attributes
                0x00000000000006ea       0x2e c:/programfiles/msys64/ucrt64/bin/../lib/gcc/arm-none-eabi/12.2.0/../../../../arm-none-eabi/lib/thumb/v7e-m/nofp\libnosys.a(sbrk.o)
 .ARM.attributes
                0x0000000000000718       0x2e c:/programfiles/msys64/ucrt64/bin/../lib/gcc/arm-none-eabi/12.2.0/../../../../arm-none-eabi/lib/thumb/v7e-m/nofp\libnosys.a(write.o)

.comment        0x0000000000000000       0x12
 .comment       0x0000000000000000       0x12 build/main.o
                                         0x13 (size before relaxing)
 .comment       0x0000000000000012       0x13 c:/programfiles/msys64/ucrt64/bin/../lib/gcc/arm-none-eabi/12.2.0/../../../../arm-none-eabi/lib/thumb/v7e-m/nofp\libc_nano.a(lib_a-impure.o)
 .comment       0x0000000000000012       0x13 c:/programfiles/msys64/ucrt64/bin/../lib/gcc/arm-none-eabi/12.2.0/../../../../arm-none-eabi/lib/thumb/v7e-m/nofp\libc_nano.a(lib_a-init.o)
 .comment       0x0000000000000012       0x13 c:/programfiles/msys64/ucrt64/bin/../lib/gcc/arm-none-eabi/12.2.0/../../../../arm-none-eabi/lib/thumb/v7e-m/nofp\libc_nano.a(lib_a-malloc.o)
 .comment       0x0000000000000012       0x13 c:/programfiles/msys64/ucrt64/bin/../lib/gcc/arm-none-eabi/12.2.0/../../../../arm-none-eabi/lib/thumb/v7e-m/nofp\libc_nano.a(lib_a-memset.o)
 .comment       0x0000000000000012       0x13 c:/programfiles/msys64/ucrt64/bin/../lib/gcc/arm-none-eabi/12.2.0/../../../../arm-none-eabi/lib/thumb/v7e-m/nofp\libc_nano.a(lib_a-nano-freer.o)
 .comment       0x0000000000000012       0x13 c:/programfiles/msys64/ucrt64/bin/../lib/gcc/arm-none-eabi/12.2.0/../../../../arm-none-eabi/lib/thumb/v7e-m/nofp\libc_nano.a(lib_a-nano-mallocr.o)
 .comment       0x0000000000000012       0x13 c:/programfiles/msys64/ucrt64/bin/../lib/gcc/arm-none-eabi/12.2.0/../../../../arm-none-eabi/lib/thumb/v7e-m/nofp\libc_nano.a(lib_a-printf.o)
 .comment       0x0000000000000012       0x13 c:/programfiles/msys64/ucrt64/bin/../lib/gcc/arm-none-eabi/12.2.0/../../../../arm-none-eabi/lib/thumb/v7e-m/nofp\libc_nano.a(lib_a-sbrkr.o)
 .comment       0x0000000000000012       0x13 c:/programfiles/msys64/ucrt64/bin/../lib/gcc/arm-none-eabi/12.2.0/../../../../arm-none-eabi/lib/thumb/v7e-m/nofp\libc_nano.a(lib_a-findfp.o)
 .comment       0x0000000000000012       0x13 c:/programfiles/msys64/ucrt64/bin/../lib/gcc/arm-none-eabi/12.2.0/../../../../arm-none-eabi/lib/thumb/v7e-m/nofp\libc_nano.a(lib_a-fwalk.o)
 .comment       0x0000000000000012       0x13 c:/programfiles/msys64/ucrt64/bin/../lib/gcc/arm-none-eabi/12.2.0/../../../../arm-none-eabi/lib/thumb/v7e-m/nofp\libc_nano.a(lib_a-lock.o)
 .comment       0x0000000000000012       0x13 c:/programfiles/msys64/ucrt64/bin/../lib/gcc/arm-none-eabi/12.2.0/../../../../arm-none-eabi/lib/thumb/v7e-m/nofp\libc_nano.a(lib_a-mlock.o)
 .comment       0x0000000000000012       0x13 c:/programfiles/msys64/ucrt64/bin/../lib/gcc/arm-none-eabi/12.2.0/../../../../arm-none-eabi/lib/thumb/v7e-m/nofp\libc_nano.a(lib_a-nano-vfprintf.o)
 .comment       0x0000000000000012       0x13 c:/programfiles/msys64/ucrt64/bin/../lib/gcc/arm-none-eabi/12.2.0/../../../../arm-none-eabi/lib/thumb/v7e-m/nofp\libc_nano.a(lib_a-nano-vfprintf_i.o)
 .comment       0x0000000000000012       0x13 c:/programfiles/msys64/ucrt64/bin/../lib/gcc/arm-none-eabi/12.2.0/../../../../arm-none-eabi/lib/thumb/v7e-m/nofp\libc_nano.a(lib_a-reent.o)
 .comment       0x0000000000000012       0x13 c:/programfiles/msys64/ucrt64/bin/../lib/gcc/arm-none-eabi/12.2.0/../../../../arm-none-eabi/lib/thumb/v7e-m/nofp\libc_nano.a(lib_a-stdio.o)
 .comment       0x0000000000000012       0x13 c:/programfiles/msys64/ucrt64/bin/../lib/gcc/arm-none-eabi/12.2.0/../../../../arm-none-eabi/lib/thumb/v7e-m/nofp\libc_nano.a(lib_a-wbuf.o)
 .comment       0x0000000000000012       0x13 c:/programfiles/msys64/ucrt64/bin/../lib/gcc/arm-none-eabi/12.2.0/../../../../arm-none-eabi/lib/thumb/v7e-m/nofp\libc_nano.a(lib_a-writer.o)
 .comment       0x0000000000000012       0x13 c:/programfiles/msys64/ucrt64/bin/../lib/gcc/arm-none-eabi/12.2.0/../../../../arm-none-eabi/lib/thumb/v7e-m/nofp\libc_nano.a(lib_a-wsetup.o)
 .comment       0x0000000000000012       0x13 c:/programfiles/msys64/ucrt64/bin/../lib/gcc/arm-none-eabi/12.2.0/../../../../arm-none-eabi/lib/thumb/v7e-m/nofp\libc_nano.a(lib_a-closer.o)
 .comment       0x0000000000000012       0x13 c:/programfiles/msys64/ucrt64/bin/../lib/gcc/arm-none-eabi/12.2.0/../../../../arm-none-eabi/lib/thumb/v7e-m/nofp\libc_nano.a(lib_a-fflush.o)
 .comment       0x0000000000000012       0x13 c:/programfiles/msys64/ucrt64/bin/../lib/gcc/arm-none-eabi/12.2.0/../../../../arm-none-eabi/lib/thumb/v7e-m/nofp\libc_nano.a(lib_a-fvwrite.o)
 .comment       0x0000000000000012       0x13 c:/programfiles/msys64/ucrt64/bin/../lib/gcc/arm-none-eabi/12.2.0/../../../../arm-none-eabi/lib/thumb/v7e-m/nofp\libc_nano.a(lib_a-lseekr.o)
 .comment       0x0000000000000012       0x13 c:/programfiles/msys64/ucrt64/bin/../lib/gcc/arm-none-eabi/12.2.0/../../../../arm-none-eabi/lib/thumb/v7e-m/nofp\libc_nano.a(lib_a-makebuf.o)
 .comment       0x0000000000000012       0x13 c:/programfiles/msys64/ucrt64/bin/../lib/gcc/arm-none-eabi/12.2.0/../../../../arm-none-eabi/lib/thumb/v7e-m/nofp\libc_nano.a(lib_a-memmove.o)
 .comment       0x0000000000000012       0x13 c:/programfiles/msys64/ucrt64/bin/../lib/gcc/arm-none-eabi/12.2.0/../../../../arm-none-eabi/lib/thumb/v7e-m/nofp\libc_nano.a(lib_a-nano-reallocr.o)
 .comment       0x0000000000000012       0x13 c:/programfiles/msys64/ucrt64/bin/../lib/gcc/arm-none-eabi/12.2.0/../../../../arm-none-eabi/lib/thumb/v7e-m/nofp\libc_nano.a(lib_a-readr.o)
 .comment       0x0000000000000012       0x13 c:/programfiles/msys64/ucrt64/bin/../lib/gcc/arm-none-eabi/12.2.0/../../../../arm-none-eabi/lib/thumb/v7e-m/nofp\libc_nano.a(lib_a-fstatr.o)
 .comment       0x0000000000000012       0x13 c:/programfiles/msys64/ucrt64/bin/../lib/gcc/arm-none-eabi/12.2.0/../../../../arm-none-eabi/lib/thumb/v7e-m/nofp\libc_nano.a(lib_a-isattyr.o)
 .comment       0x0000000000000012       0x13 c:/programfiles/msys64/ucrt64/bin/../lib/gcc/arm-none-eabi/12.2.0/../../../../arm-none-eabi/lib/thumb/v7e-m/nofp\libc_nano.a(lib_a-nano-msizer.o)

.debug_line     0x0000000000000000     0x5fad
 .debug_line    0x0000000000000000       0x44 build/start.o
 .debug_line    0x0000000000000044       0xef build/main.o
 .debug_line    0x0000000000000133      0x141 c:/programfiles/msys64/ucrt64/bin/../lib/gcc/arm-none-eabi/12.2.0/../../../../arm-none-eabi/lib/thumb/v7e-m/nofp\libc_nano.a(lib_a-impure.o)
 .debug_line    0x0000000000000274      0x16d c:/programfiles/msys64/ucrt64/bin/../lib/gcc/arm-none-eabi/12.2.0/../../../../arm-none-eabi/lib/thumb/v7e-m/nofp\libc_nano.a(lib_a-init.o)
 .debug_line    0x00000000000003e1      0x1d8 c:/programfiles/msys64/ucrt64/bin/../lib/gcc/arm-none-eabi/12.2.0/../../../../arm-none-eabi/lib/thumb/v7e-m/nofp\libc_nano.a(lib_a-malloc.o)
 .debug_line    0x00000000000005b9      0x213 c:/programfiles/msys64/ucrt64/bin/../lib/gcc/arm-none-eabi/12.2.0/../../../../arm-none-eabi/lib/thumb/v7e-m/nofp\libc_nano.a(lib_a-memset.o)
 .debug_line    0x00000000000007cc      0x32b c:/programfiles/msys64/ucrt64/bin/../lib/gcc/arm-none-eabi/12.2.0/../../../../arm-none-eabi/lib/thumb/v7e-m/nofp\libc_nano.a(lib_a-nano-freer.o)
 .debug_line    0x0000000000000af7      0x497 c:/programfiles/msys64/ucrt64/bin/../lib/gcc/arm-none-eabi/12.2.0/../../../../arm-none-eabi/lib/thumb/v7e-m/nofp\libc_nano.a(lib_a-nano-mallocr.o)
 .debug_line    0x0000000000000f8e      0x2a5 c:/programfiles/msys64/ucrt64/bin/../lib/gcc/arm-none-eabi/12.2.0/../../../../arm-none-eabi/lib/thumb/v7e-m/nofp\libc_nano.a(lib_a-printf.o)
 .debug_line    0x0000000000001233      0x1fc c:/programfiles/msys64/ucrt64/bin/../lib/gcc/arm-none-eabi/12.2.0/../../../../arm-none-eabi/lib/thumb/v7e-m/nofp\libc_nano.a(lib_a-sbrkr.o)
 .debug_line    0x000000000000142f      0x6db c:/programfiles/msys64/ucrt64/bin/../lib/gcc/arm-none-eabi/12.2.0/../../../../arm-none-eabi/lib/thumb/v7e-m/nofp\libc_nano.a(lib_a-findfp.o)
 .debug_line    0x0000000000001b0a      0x2ef c:/programfiles/msys64/ucrt64/bin/../lib/gcc/arm-none-eabi/12.2.0/../../../../arm-none-eabi/lib/thumb/v7e-m/nofp\libc_nano.a(lib_a-fwalk.o)
 .debug_line    0x0000000000001df9       0xec c:/programfiles/msys64/ucrt64/bin/../lib/gcc/arm-none-eabi/12.2.0/../../../../arm-none-eabi/lib/thumb/v7e-m/nofp\libc_nano.a(lib_a-lock.o)
 .debug_line    0x0000000000001ee5      0x1c5 c:/programfiles/msys64/ucrt64/bin/../lib/gcc/arm-none-eabi/12.2.0/../../../../arm-none-eabi/lib/thumb/v7e-m/nofp\libc_nano.a(lib_a-mlock.o)
 .debug_line    0x00000000000020aa      0x771 c:/programfiles/msys64/ucrt64/bin/../lib/gcc/arm-none-eabi/12.2.0/../../../../arm-none-eabi/lib/thumb/v7e-m/nofp\libc_nano.a(lib_a-nano-vfprintf.o)
 .debug_line    0x000000000000281b      0x7bf c:/programfiles/msys64/ucrt64/bin/../lib/gcc/arm-none-eabi/12.2.0/../../../../arm-none-eabi/lib/thumb/v7e-m/nofp\libc_nano.a(lib_a-nano-vfprintf_i.o)
 .debug_line    0x0000000000002fda      0x339 c:/programfiles/msys64/ucrt64/bin/../lib/gcc/arm-none-eabi/12.2.0/../../../../arm-none-eabi/lib/thumb/v7e-m/nofp\libc_nano.a(lib_a-reent.o)
 .debug_line    0x0000000000003313      0x2a3 c:/programfiles/msys64/ucrt64/bin/../lib/gcc/arm-none-eabi/12.2.0/../../../../arm-none-eabi/lib/thumb/v7e-m/nofp\libc_nano.a(lib_a-stdio.o)
 .debug_line    0x00000000000035b6      0x2f2 c:/programfiles/msys64/ucrt64/bin/../lib/gcc/arm-none-eabi/12.2.0/../../../../arm-none-eabi/lib/thumb/v7e-m/nofp\libc_nano.a(lib_a-wbuf.o)
 .debug_line    0x00000000000038a8      0x202 c:/programfiles/msys64/ucrt64/bin/../lib/gcc/arm-none-eabi/12.2.0/../../../../arm-none-eabi/lib/thumb/v7e-m/nofp\libc_nano.a(lib_a-writer.o)
 .debug_line    0x0000000000003aaa      0x390 c:/programfiles/msys64/ucrt64/bin/../lib/gcc/arm-none-eabi/12.2.0/../../../../arm-none-eabi/lib/thumb/v7e-m/nofp\libc_nano.a(lib_a-wsetup.o)
 .debug_line    0x0000000000003e3a      0x1fc c:/programfiles/msys64/ucrt64/bin/../lib/gcc/arm-none-eabi/12.2.0/../../../../arm-none-eabi/lib/thumb/v7e-m/nofp\libc_nano.a(lib_a-closer.o)
 .debug_line    0x0000000000004036      0x4be c:/programfiles/msys64/ucrt64/bin/../lib/gcc/arm-none-eabi/12.2.0/../../../../arm-none-eabi/lib/thumb/v7e-m/nofp\libc_nano.a(lib_a-fflush.o)
 .debug_line    0x00000000000044f4      0x668 c:/programfiles/msys64/ucrt64/bin/../lib/gcc/arm-none-eabi/12.2.0/../../../../arm-none-eabi/lib/thumb/v7e-m/nofp\libc_nano.a(lib_a-fvwrite.o)
 .debug_line    0x0000000000004b5c      0x202 c:/programfiles/msys64/ucrt64/bin/../lib/gcc/arm-none-eabi/12.2.0/../../../../arm-none-eabi/lib/thumb/v7e-m/nofp\libc_nano.a(lib_a-lseekr.o)
 .debug_line    0x0000000000004d5e      0x411 c:/programfiles/msys64/ucrt64/bin/../lib/gcc/arm-none-eabi/12.2.0/../../../../arm-none-eabi/lib/thumb/v7e-m/nofp\libc_nano.a(lib_a-makebuf.o)
 .debug_line    0x000000000000516f       0x82 c:/programfiles/msys64/ucrt64/bin/../lib/gcc/arm-none-eabi/12.2.0/../../../../arm-none-eabi/lib/thumb/v7e-m/nofp\libc_nano.a(lib_a-memchr.o)
 .debug_line    0x00000000000051f1       0xb9 c:/programfiles/msys64/ucrt64/bin/../lib/gcc/arm-none-eabi/12.2.0/../../../../arm-none-eabi/lib/thumb/v7e-m/nofp\libc_nano.a(lib_a-memcpy.o)
 .debug_line    0x00000000000052aa      0x24d c:/programfiles/msys64/ucrt64/bin/../lib/gcc/arm-none-eabi/12.2.0/../../../../arm-none-eabi/lib/thumb/v7e-m/nofp\libc_nano.a(lib_a-memmove.o)
 .debug_line    0x00000000000054f7      0x24b c:/programfiles/msys64/ucrt64/bin/../lib/gcc/arm-none-eabi/12.2.0/../../../../arm-none-eabi/lib/thumb/v7e-m/nofp\libc_nano.a(lib_a-nano-reallocr.o)
 .debug_line    0x0000000000005742      0x201 c:/programfiles/msys64/ucrt64/bin/../lib/gcc/arm-none-eabi/12.2.0/../../../../arm-none-eabi/lib/thumb/v7e-m/nofp\libc_nano.a(lib_a-readr.o)
 .debug_line    0x0000000000005943      0x298 c:/programfiles/msys64/ucrt64/bin/../lib/gcc/arm-none-eabi/12.2.0/../../../../arm-none-eabi/lib/thumb/v7e-m/nofp\libc_nano.a(lib_a-fstatr.o)
 .debug_line    0x0000000000005bdb      0x1fd c:/programfiles/msys64/ucrt64/bin/../lib/gcc/arm-none-eabi/12.2.0/../../../../arm-none-eabi/lib/thumb/v7e-m/nofp\libc_nano.a(lib_a-isattyr.o)
 .debug_line    0x0000000000005dd8      0x1d5 c:/programfiles/msys64/ucrt64/bin/../lib/gcc/arm-none-eabi/12.2.0/../../../../arm-none-eabi/lib/thumb/v7e-m/nofp\libc_nano.a(lib_a-nano-msizer.o)

.debug_line_str
                0x0000000000000000      0x11d
 .debug_line_str
                0x0000000000000000       0x4a build/start.o
 .debug_line_str
                0x000000000000004a       0xc3 c:/programfiles/msys64/ucrt64/bin/../lib/gcc/arm-none-eabi/12.2.0/../../../../arm-none-eabi/lib/thumb/v7e-m/nofp\libc_nano.a(lib_a-memchr.o)
 .debug_line_str
                0x000000000000010d       0x10 c:/programfiles/msys64/ucrt64/bin/../lib/gcc/arm-none-eabi/12.2.0/../../../../arm-none-eabi/lib/thumb/v7e-m/nofp\libc_nano.a(lib_a-memcpy.o)
                                         0xca (size before relaxing)

.debug_info     0x0000000000000000    0x108d8
 .debug_info    0x0000000000000000       0x24 build/start.o
 .debug_info    0x0000000000000024      0x12e build/main.o
 .debug_info    0x0000000000000152      0x806 c:/programfiles/msys64/ucrt64/bin/../lib/gcc/arm-none-eabi/12.2.0/../../../../arm-none-eabi/lib/thumb/v7e-m/nofp\libc_nano.a(lib_a-impure.o)
 .debug_info    0x0000000000000958      0x10b c:/programfiles/msys64/ucrt64/bin/../lib/gcc/arm-none-eabi/12.2.0/../../../../arm-none-eabi/lib/thumb/v7e-m/nofp\libc_nano.a(lib_a-init.o)
 .debug_info    0x0000000000000a63      0x7f4 c:/programfiles/msys64/ucrt64/bin/../lib/gcc/arm-none-eabi/12.2.0/../../../../arm-none-eabi/lib/thumb/v7e-m/nofp\libc_nano.a(lib_a-malloc.o)
 .debug_info    0x0000000000001257      0x135 c:/programfiles/msys64/ucrt64/bin/../lib/gcc/arm-none-eabi/12.2.0/../../../../arm-none-eabi/lib/thumb/v7e-m/nofp\libc_nano.a(lib_a-memset.o)
 .debug_info    0x000000000000138c      0x8d7 c:/programfiles/msys64/ucrt64/bin/../lib/gcc/arm-none-eabi/12.2.0/../../../../arm-none-eabi/lib/thumb/v7e-m/nofp\libc_nano.a(lib_a-nano-freer.o)
 .debug_info    0x0000000000001c63      0xa1a c:/programfiles/msys64/ucrt64/bin/../lib/gcc/arm-none-eabi/12.2.0/../../../../arm-none-eabi/lib/thumb/v7e-m/nofp\libc_nano.a(lib_a-nano-mallocr.o)
 .debug_info    0x000000000000267d      0x8d3 c:/programfiles/msys64/ucrt64/bin/../lib/gcc/arm-none-eabi/12.2.0/../../../../arm-none-eabi/lib/thumb/v7e-m/nofp\libc_nano.a(lib_a-printf.o)
 .debug_info    0x0000000000002f50      0x7dc c:/programfiles/msys64/ucrt64/bin/../lib/gcc/arm-none-eabi/12.2.0/../../../../arm-none-eabi/lib/thumb/v7e-m/nofp\libc_nano.a(lib_a-sbrkr.o)
 .debug_info    0x000000000000372c     0x11d6 c:/programfiles/msys64/ucrt64/bin/../lib/gcc/arm-none-eabi/12.2.0/../../../../arm-none-eabi/lib/thumb/v7e-m/nofp\libc_nano.a(lib_a-findfp.o)
 .debug_info    0x0000000000004902      0x899 c:/programfiles/msys64/ucrt64/bin/../lib/gcc/arm-none-eabi/12.2.0/../../../../arm-none-eabi/lib/thumb/v7e-m/nofp\libc_nano.a(lib_a-fwalk.o)
 .debug_info    0x000000000000519b      0x21a c:/programfiles/msys64/ucrt64/bin/../lib/gcc/arm-none-eabi/12.2.0/../../../../arm-none-eabi/lib/thumb/v7e-m/nofp\libc_nano.a(lib_a-lock.o)
 .debug_info    0x00000000000053b5      0x7cb c:/programfiles/msys64/ucrt64/bin/../lib/gcc/arm-none-eabi/12.2.0/../../../../arm-none-eabi/lib/thumb/v7e-m/nofp\libc_nano.a(lib_a-mlock.o)
 .debug_info    0x0000000000005b80     0x11c5 c:/programfiles/msys64/ucrt64/bin/../lib/gcc/arm-none-eabi/12.2.0/../../../../arm-none-eabi/lib/thumb/v7e-m/nofp\libc_nano.a(lib_a-nano-vfprintf.o)
 .debug_info    0x0000000000006d45      0xe41 c:/programfiles/msys64/ucrt64/bin/../lib/gcc/arm-none-eabi/12.2.0/../../../../arm-none-eabi/lib/thumb/v7e-m/nofp\libc_nano.a(lib_a-nano-vfprintf_i.o)
 .debug_info    0x0000000000007b86      0xa26 c:/programfiles/msys64/ucrt64/bin/../lib/gcc/arm-none-eabi/12.2.0/../../../../arm-none-eabi/lib/thumb/v7e-m/nofp\libc_nano.a(lib_a-reent.o)
 .debug_info    0x00000000000085ac      0xaae c:/programfiles/msys64/ucrt64/bin/../lib/gcc/arm-none-eabi/12.2.0/../../../../arm-none-eabi/lib/thumb/v7e-m/nofp\libc_nano.a(lib_a-stdio.o)
 .debug_info    0x000000000000905a      0x956 c:/programfiles/msys64/ucrt64/bin/../lib/gcc/arm-none-eabi/12.2.0/../../../../arm-none-eabi/lib/thumb/v7e-m/nofp\libc_nano.a(lib_a-wbuf.o)
 .debug_info    0x00000000000099b0      0x813 c:/programfiles/msys64/ucrt64/bin/../lib/gcc/arm-none-eabi/12.2.0/../../../../arm-none-eabi/lib/thumb/v7e-m/nofp\libc_nano.a(lib_a-writer.o)
 .debug_info    0x000000000000a1c3      0x8b9 c:/programfiles/msys64/ucrt64/bin/../lib/gcc/arm-none-eabi/12.2.0/../../../../arm-none-eabi/lib/thumb/v7e-m/nofp\libc_nano.a(lib_a-wsetup.o)
 .debug_info    0x000000000000aa7c      0x7b7 c:/programfiles/msys64/ucrt64/bin/../lib/gcc/arm-none-eabi/12.2.0/../../../../arm-none-eabi/lib/thumb/v7e-m/nofp\libc_nano.a(lib_a-closer.o)
 .debug_info    0x000000000000b233      0xa9c c:/programfiles/msys64/ucrt64/bin/../lib/gcc/arm-none-eabi/12.2.0/../../../../arm-none-eabi/lib/thumb/v7e-m/nofp\libc_nano.a(lib_a-fflush.o)
 .debug_info    0x000000000000bccf      0xb58 c:/programfiles/msys64/ucrt64/bin/../lib/gcc/arm-none-eabi/12.2.0/../../../../arm-none-eabi/lib/thumb/v7e-m/nofp\libc_nano.a(lib_a-fvwrite.o)
 .debug_info    0x000000000000c827      0x7f6 c:/programfiles/msys64/ucrt64/bin/../lib/gcc/arm-none-eabi/12.2.0/../../../../arm-none-eabi/lib/thumb/v7e-m/nofp\libc_nano.a(lib_a-lseekr.o)
 .debug_info    0x000000000000d01d      0xc5f c:/programfiles/msys64/ucrt64/bin/../lib/gcc/arm-none-eabi/12.2.0/../../../../arm-none-eabi/lib/thumb/v7e-m/nofp\libc_nano.a(lib_a-makebuf.o)
 .debug_info    0x000000000000dc7c       0x25 c:/programfiles/msys64/ucrt64/bin/../lib/gcc/arm-none-eabi/12.2.0/../../../../arm-none-eabi/lib/thumb/v7e-m/nofp\libc_nano.a(lib_a-memchr.o)
 .debug_info    0x000000000000dca1       0x31 c:/programfiles/msys64/ucrt64/bin/../lib/gcc/arm-none-eabi/12.2.0/../../../../arm-none-eabi/lib/thumb/v7e-m/nofp\libc_nano.a(lib_a-memcpy.o)
 .debug_info    0x000000000000dcd2      0x148 c:/programfiles/msys64/ucrt64/bin/../lib/gcc/arm-none-eabi/12.2.0/../../../../arm-none-eabi/lib/thumb/v7e-m/nofp\libc_nano.a(lib_a-memmove.o)
 .debug_info    0x000000000000de1a      0x931 c:/programfiles/msys64/ucrt64/bin/../lib/gcc/arm-none-eabi/12.2.0/../../../../arm-none-eabi/lib/thumb/v7e-m/nofp\libc_nano.a(lib_a-nano-reallocr.o)
 .debug_info    0x000000000000e74b      0x80d c:/programfiles/msys64/ucrt64/bin/../lib/gcc/arm-none-eabi/12.2.0/../../../../arm-none-eabi/lib/thumb/v7e-m/nofp\libc_nano.a(lib_a-readr.o)
 .debug_info    0x000000000000ef58      0x9d5 c:/programfiles/msys64/ucrt64/bin/../lib/gcc/arm-none-eabi/12.2.0/../../../../arm-none-eabi/lib/thumb/v7e-m/nofp\libc_nano.a(lib_a-fstatr.o)
 .debug_info    0x000000000000f92d      0x7b7 c:/programfiles/msys64/ucrt64/bin/../lib/gcc/arm-none-eabi/12.2.0/../../../../arm-none-eabi/lib/thumb/v7e-m/nofp\libc_nano.a(lib_a-isattyr.o)
 .debug_info    0x00000000000100e4      0x7f4 c:/programfiles/msys64/ucrt64/bin/../lib/gcc/arm-none-eabi/12.2.0/../../../../arm-none-eabi/lib/thumb/v7e-m/nofp\libc_nano.a(lib_a-nano-msizer.o)

.debug_abbrev   0x0000000000000000     0x3bb6
 .debug_abbrev  0x0000000000000000       0x14 build/start.o
 .debug_abbrev  0x0000000000000014       0xb5 build/main.o
 .debug_abbrev  0x00000000000000c9      0x15a c:/programfiles/msys64/ucrt64/bin/../lib/gcc/arm-none-eabi/12.2.0/../../../../arm-none-eabi/lib/thumb/v7e-m/nofp\libc_nano.a(lib_a-impure.o)
 .debug_abbrev  0x0000000000000223       0xc9 c:/programfiles/msys64/ucrt64/bin/../lib/gcc/arm-none-eabi/12.2.0/../../../../arm-none-eabi/lib/thumb/v7e-m/nofp\libc_nano.a(lib_a-init.o)
 .debug_abbrev  0x00000000000002ec      0x1cf c:/programfiles/msys64/ucrt64/bin/../lib/gcc/arm-none-eabi/12.2.0/../../../../arm-none-eabi/lib/thumb/v7e-m/nofp\libc_nano.a(lib_a-malloc.o)
 .debug_abbrev  0x00000000000004bb       0xb7 c:/programfiles/msys64/ucrt64/bin/../lib/gcc/arm-none-eabi/12.2.0/../../../../arm-none-eabi/lib/thumb/v7e-m/nofp\libc_nano.a(lib_a-memset.o)
 .debug_abbrev  0x0000000000000572      0x249 c:/programfiles/msys64/ucrt64/bin/../lib/gcc/arm-none-eabi/12.2.0/../../../../arm-none-eabi/lib/thumb/v7e-m/nofp\libc_nano.a(lib_a-nano-freer.o)
 .debug_abbrev  0x00000000000007bb      0x24a c:/programfiles/msys64/ucrt64/bin/../lib/gcc/arm-none-eabi/12.2.0/../../../../arm-none-eabi/lib/thumb/v7e-m/nofp\libc_nano.a(lib_a-nano-mallocr.o)
 .debug_abbrev  0x0000000000000a05      0x243 c:/programfiles/msys64/ucrt64/bin/../lib/gcc/arm-none-eabi/12.2.0/../../../../arm-none-eabi/lib/thumb/v7e-m/nofp\libc_nano.a(lib_a-printf.o)
 .debug_abbrev  0x0000000000000c48      0x1da c:/programfiles/msys64/ucrt64/bin/../lib/gcc/arm-none-eabi/12.2.0/../../../../arm-none-eabi/lib/thumb/v7e-m/nofp\libc_nano.a(lib_a-sbrkr.o)
 .debug_abbrev  0x0000000000000e22      0x422 c:/programfiles/msys64/ucrt64/bin/../lib/gcc/arm-none-eabi/12.2.0/../../../../arm-none-eabi/lib/thumb/v7e-m/nofp\libc_nano.a(lib_a-findfp.o)
 .debug_abbrev  0x0000000000001244      0x19f c:/programfiles/msys64/ucrt64/bin/../lib/gcc/arm-none-eabi/12.2.0/../../../../arm-none-eabi/lib/thumb/v7e-m/nofp\libc_nano.a(lib_a-fwalk.o)
 .debug_abbrev  0x00000000000013e3      0x115 c:/programfiles/msys64/ucrt64/bin/../lib/gcc/arm-none-eabi/12.2.0/../../../../arm-none-eabi/lib/thumb/v7e-m/nofp\libc_nano.a(lib_a-lock.o)
 .debug_abbrev  0x00000000000014f8      0x1bf c:/programfiles/msys64/ucrt64/bin/../lib/gcc/arm-none-eabi/12.2.0/../../../../arm-none-eabi/lib/thumb/v7e-m/nofp\libc_nano.a(lib_a-mlock.o)
 .debug_abbrev  0x00000000000016b7      0x378 c:/programfiles/msys64/ucrt64/bin/../lib/gcc/arm-none-eabi/12.2.0/../../../../arm-none-eabi/lib/thumb/v7e-m/nofp\libc_nano.a(lib_a-nano-vfprintf.o)
 .debug_abbrev  0x0000000000001a2f      0x28d c:/programfiles/msys64/ucrt64/bin/../lib/gcc/arm-none-eabi/12.2.0/../../../../arm-none-eabi/lib/thumb/v7e-m/nofp\libc_nano.a(lib_a-nano-vfprintf_i.o)
 .debug_abbrev  0x0000000000001cbc      0x265 c:/programfiles/msys64/ucrt64/bin/../lib/gcc/arm-none-eabi/12.2.0/../../../../arm-none-eabi/lib/thumb/v7e-m/nofp\libc_nano.a(lib_a-reent.o)
 .debug_abbrev  0x0000000000001f21      0x224 c:/programfiles/msys64/ucrt64/bin/../lib/gcc/arm-none-eabi/12.2.0/../../../../arm-none-eabi/lib/thumb/v7e-m/nofp\libc_nano.a(lib_a-stdio.o)
 .debug_abbrev  0x0000000000002145      0x237 c:/programfiles/msys64/ucrt64/bin/../lib/gcc/arm-none-eabi/12.2.0/../../../../arm-none-eabi/lib/thumb/v7e-m/nofp\libc_nano.a(lib_a-wbuf.o)
 .debug_abbrev  0x000000000000237c      0x1b5 c:/programfiles/msys64/ucrt64/bin/../lib/gcc/arm-none-eabi/12.2.0/../../../../arm-none-eabi/lib/thumb/v7e-m/nofp\libc_nano.a(lib_a-writer.o)
 .debug_abbrev  0x0000000000002531      0x1d9 c:/programfiles/msys64/ucrt64/bin/../lib/gcc/arm-none-eabi/12.2.0/../../../../arm-none-eabi/lib/thumb/v7e-m/nofp\libc_nano.a(lib_a-wsetup.o)
 .debug_abbrev  0x000000000000270a      0x1b0 c:/programfiles/msys64/ucrt64/bin/../lib/gcc/arm-none-eabi/12.2.0/../../../../arm-none-eabi/lib/thumb/v7e-m/nofp\libc_nano.a(lib_a-closer.o)
 .debug_abbrev  0x00000000000028ba      0x2a6 c:/programfiles/msys64/ucrt64/bin/../lib/gcc/arm-none-eabi/12.2.0/../../../../arm-none-eabi/lib/thumb/v7e-m/nofp\libc_nano.a(lib_a-fflush.o)
 .debug_abbrev  0x0000000000002b60      0x224 c:/programfiles/msys64/ucrt64/bin/../lib/gcc/arm-none-eabi/12.2.0/../../../../arm-none-eabi/lib/thumb/v7e-m/nofp\libc_nano.a(lib_a-fvwrite.o)
 .debug_abbrev  0x0000000000002d84      0x1c4 c:/programfiles/msys64/ucrt64/bin/../lib/gcc/arm-none-eabi/12.2.0/../../../../arm-none-eabi/lib/thumb/v7e-m/nofp\libc_nano.a(lib_a-lseekr.o)
 .debug_abbrev  0x0000000000002f48      0x2b1 c:/programfiles/msys64/ucrt64/bin/../lib/gcc/arm-none-eabi/12.2.0/../../../../arm-none-eabi/lib/thumb/v7e-m/nofp\libc_nano.a(lib_a-makebuf.o)
 .debug_abbrev  0x00000000000031f9       0x14 c:/programfiles/msys64/ucrt64/bin/../lib/gcc/arm-none-eabi/12.2.0/../../../../arm-none-eabi/lib/thumb/v7e-m/nofp\libc_nano.a(lib_a-memchr.o)
 .debug_abbrev  0x000000000000320d       0x21 c:/programfiles/msys64/ucrt64/bin/../lib/gcc/arm-none-eabi/12.2.0/../../../../arm-none-eabi/lib/thumb/v7e-m/nofp\libc_nano.a(lib_a-memcpy.o)
 .debug_abbrev  0x000000000000322e       0xc3 c:/programfiles/msys64/ucrt64/bin/../lib/gcc/arm-none-eabi/12.2.0/../../../../arm-none-eabi/lib/thumb/v7e-m/nofp\libc_nano.a(lib_a-memmove.o)
 .debug_abbrev  0x00000000000032f1      0x20c c:/programfiles/msys64/ucrt64/bin/../lib/gcc/arm-none-eabi/12.2.0/../../../../arm-none-eabi/lib/thumb/v7e-m/nofp\libc_nano.a(lib_a-nano-reallocr.o)
 .debug_abbrev  0x00000000000034fd      0x1b0 c:/programfiles/msys64/ucrt64/bin/../lib/gcc/arm-none-eabi/12.2.0/../../../../arm-none-eabi/lib/thumb/v7e-m/nofp\libc_nano.a(lib_a-readr.o)
 .debug_abbrev  0x00000000000036ad      0x1c3 c:/programfiles/msys64/ucrt64/bin/../lib/gcc/arm-none-eabi/12.2.0/../../../../arm-none-eabi/lib/thumb/v7e-m/nofp\libc_nano.a(lib_a-fstatr.o)
 .debug_abbrev  0x0000000000003870      0x1b0 c:/programfiles/msys64/ucrt64/bin/../lib/gcc/arm-none-eabi/12.2.0/../../../../arm-none-eabi/lib/thumb/v7e-m/nofp\libc_nano.a(lib_a-isattyr.o)
 .debug_abbrev  0x0000000000003a20      0x196 c:/programfiles/msys64/ucrt64/bin/../lib/gcc/arm-none-eabi/12.2.0/../../../../arm-none-eabi/lib/thumb/v7e-m/nofp\libc_nano.a(lib_a-nano-msizer.o)

.debug_aranges  0x0000000000000000      0x438
 .debug_aranges
                0x0000000000000000       0x20 build/start.o
 .debug_aranges
                0x0000000000000020       0x20 build/main.o
 .debug_aranges
                0x0000000000000040       0x18 c:/programfiles/msys64/ucrt64/bin/../lib/gcc/arm-none-eabi/12.2.0/../../../../arm-none-eabi/lib/thumb/v7e-m/nofp\libc_nano.a(lib_a-impure.o)
 .debug_aranges
                0x0000000000000058       0x20 c:/programfiles/msys64/ucrt64/bin/../lib/gcc/arm-none-eabi/12.2.0/../../../../arm-none-eabi/lib/thumb/v7e-m/nofp\libc_nano.a(lib_a-init.o)
 .debug_aranges
                0x0000000000000078       0x20 c:/programfiles/msys64/ucrt64/bin/../lib/gcc/arm-none-eabi/12.2.0/../../../../arm-none-eabi/lib/thumb/v7e-m/nofp\libc_nano.a(lib_a-malloc.o)
 .debug_aranges
                0x0000000000000098       0x20 c:/programfiles/msys64/ucrt64/bin/../lib/gcc/arm-none-eabi/12.2.0/../../../../arm-none-eabi/lib/thumb/v7e-m/nofp\libc_nano.a(lib_a-memset.o)
 .debug_aranges
                0x00000000000000b8       0x20 c:/programfiles/msys64/ucrt64/bin/../lib/gcc/arm-none-eabi/12.2.0/../../../../arm-none-eabi/lib/thumb/v7e-m/nofp\libc_nano.a(lib_a-nano-freer.o)
 .debug_aranges
                0x00000000000000d8       0x20 c:/programfiles/msys64/ucrt64/bin/../lib/gcc/arm-none-eabi/12.2.0/../../../../arm-none-eabi/lib/thumb/v7e-m/nofp\libc_nano.a(lib_a-nano-mallocr.o)
 .debug_aranges
                0x00000000000000f8       0x20 c:/programfiles/msys64/ucrt64/bin/../lib/gcc/arm-none-eabi/12.2.0/../../../../arm-none-eabi/lib/thumb/v7e-m/nofp\libc_nano.a(lib_a-printf.o)
 .debug_aranges
                0x0000000000000118       0x20 c:/programfiles/msys64/ucrt64/bin/../lib/gcc/arm-none-eabi/12.2.0/../../../../arm-none-eabi/lib/thumb/v7e-m/nofp\libc_nano.a(lib_a-sbrkr.o)
 .debug_aranges
                0x0000000000000138       0x20 c:/programfiles/msys64/ucrt64/bin/../lib/gcc/arm-none-eabi/12.2.0/../../../../arm-none-eabi/lib/thumb/v7e-m/nofp\libc_nano.a(lib_a-findfp.o)
 .debug_aranges
                0x0000000000000158       0x20 c:/programfiles/msys64/ucrt64/bin/../lib/gcc/arm-none-eabi/12.2.0/../../../../arm-none-eabi/lib/thumb/v7e-m/nofp\libc_nano.a(lib_a-fwalk.o)
 .debug_aranges
                0x0000000000000178       0x20 c:/programfiles/msys64/ucrt64/bin/../lib/gcc/arm-none-eabi/12.2.0/../../../../arm-none-eabi/lib/thumb/v7e-m/nofp\libc_nano.a(lib_a-lock.o)
 .debug_aranges
                0x0000000000000198       0x20 c:/programfiles/msys64/ucrt64/bin/../lib/gcc/arm-none-eabi/12.2.0/../../../../arm-none-eabi/lib/thumb/v7e-m/nofp\libc_nano.a(lib_a-mlock.o)
 .debug_aranges
                0x00000000000001b8       0x20 c:/programfiles/msys64/ucrt64/bin/../lib/gcc/arm-none-eabi/12.2.0/../../../../arm-none-eabi/lib/thumb/v7e-m/nofp\libc_nano.a(lib_a-nano-vfprintf.o)
 .debug_aranges
                0x00000000000001d8       0x20 c:/programfiles/msys64/ucrt64/bin/../lib/gcc/arm-none-eabi/12.2.0/../../../../arm-none-eabi/lib/thumb/v7e-m/nofp\libc_nano.a(lib_a-nano-vfprintf_i.o)
 .debug_aranges
                0x00000000000001f8       0x20 c:/programfiles/msys64/ucrt64/bin/../lib/gcc/arm-none-eabi/12.2.0/../../../../arm-none-eabi/lib/thumb/v7e-m/nofp\libc_nano.a(lib_a-reent.o)
 .debug_aranges
                0x0000000000000218       0x20 c:/programfiles/msys64/ucrt64/bin/../lib/gcc/arm-none-eabi/12.2.0/../../../../arm-none-eabi/lib/thumb/v7e-m/nofp\libc_nano.a(lib_a-stdio.o)
 .debug_aranges
                0x0000000000000238       0x20 c:/programfiles/msys64/ucrt64/bin/../lib/gcc/arm-none-eabi/12.2.0/../../../../arm-none-eabi/lib/thumb/v7e-m/nofp\libc_nano.a(lib_a-wbuf.o)
 .debug_aranges
                0x0000000000000258       0x20 c:/programfiles/msys64/ucrt64/bin/../lib/gcc/arm-none-eabi/12.2.0/../../../../arm-none-eabi/lib/thumb/v7e-m/nofp\libc_nano.a(lib_a-writer.o)
 .debug_aranges
                0x0000000000000278       0x20 c:/programfiles/msys64/ucrt64/bin/../lib/gcc/arm-none-eabi/12.2.0/../../../../arm-none-eabi/lib/thumb/v7e-m/nofp\libc_nano.a(lib_a-wsetup.o)
 .debug_aranges
                0x0000000000000298       0x20 c:/programfiles/msys64/ucrt64/bin/../lib/gcc/arm-none-eabi/12.2.0/../../../../arm-none-eabi/lib/thumb/v7e-m/nofp\libc_nano.a(lib_a-closer.o)
 .debug_aranges
                0x00000000000002b8       0x20 c:/programfiles/msys64/ucrt64/bin/../lib/gcc/arm-none-eabi/12.2.0/../../../../arm-none-eabi/lib/thumb/v7e-m/nofp\libc_nano.a(lib_a-fflush.o)
 .debug_aranges
                0x00000000000002d8       0x20 c:/programfiles/msys64/ucrt64/bin/../lib/gcc/arm-none-eabi/12.2.0/../../../../arm-none-eabi/lib/thumb/v7e-m/nofp\libc_nano.a(lib_a-fvwrite.o)
 .debug_aranges
                0x00000000000002f8       0x20 c:/programfiles/msys64/ucrt64/bin/../lib/gcc/arm-none-eabi/12.2.0/../../../../arm-none-eabi/lib/thumb/v7e-m/nofp\libc_nano.a(lib_a-lseekr.o)
 .debug_aranges
                0x0000000000000318       0x20 c:/programfiles/msys64/ucrt64/bin/../lib/gcc/arm-none-eabi/12.2.0/../../../../arm-none-eabi/lib/thumb/v7e-m/nofp\libc_nano.a(lib_a-makebuf.o)
 .debug_aranges
                0x0000000000000338       0x20 c:/programfiles/msys64/ucrt64/bin/../lib/gcc/arm-none-eabi/12.2.0/../../../../arm-none-eabi/lib/thumb/v7e-m/nofp\libc_nano.a(lib_a-memchr.o)
 .debug_aranges
                0x0000000000000358       0x20 c:/programfiles/msys64/ucrt64/bin/../lib/gcc/arm-none-eabi/12.2.0/../../../../arm-none-eabi/lib/thumb/v7e-m/nofp\libc_nano.a(lib_a-memcpy.o)
 .debug_aranges
                0x0000000000000378       0x20 c:/programfiles/msys64/ucrt64/bin/../lib/gcc/arm-none-eabi/12.2.0/../../../../arm-none-eabi/lib/thumb/v7e-m/nofp\libc_nano.a(lib_a-memmove.o)
 .debug_aranges
                0x0000000000000398       0x20 c:/programfiles/msys64/ucrt64/bin/../lib/gcc/arm-none-eabi/12.2.0/../../../../arm-none-eabi/lib/thumb/v7e-m/nofp\libc_nano.a(lib_a-nano-reallocr.o)
 .debug_aranges
                0x00000000000003b8       0x20 c:/programfiles/msys64/ucrt64/bin/../lib/gcc/arm-none-eabi/12.2.0/../../../../arm-none-eabi/lib/thumb/v7e-m/nofp\libc_nano.a(lib_a-readr.o)
 .debug_aranges
                0x00000000000003d8       0x20 c:/programfiles/msys64/ucrt64/bin/../lib/gcc/arm-none-eabi/12.2.0/../../../../arm-none-eabi/lib/thumb/v7e-m/nofp\libc_nano.a(lib_a-fstatr.o)
 .debug_aranges
                0x00000000000003f8       0x20 c:/programfiles/msys64/ucrt64/bin/../lib/gcc/arm-none-eabi/12.2.0/../../../../arm-none-eabi/lib/thumb/v7e-m/nofp\libc_nano.a(lib_a-isattyr.o)
 .debug_aranges
                0x0000000000000418       0x20 c:/programfiles/msys64/ucrt64/bin/../lib/gcc/arm-none-eabi/12.2.0/../../../../arm-none-eabi/lib/thumb/v7e-m/nofp\libc_nano.a(lib_a-nano-msizer.o)

.debug_str      0x0000000000000000     0x18a9
 .debug_str     0x0000000000000000       0x56 build/start.o
 .debug_str     0x0000000000000056       0xcb build/main.o
                                        0x159 (size before relaxing)
 .debug_str     0x0000000000000121      0x450 c:/programfiles/msys64/ucrt64/bin/../lib/gcc/arm-none-eabi/12.2.0/../../../../arm-none-eabi/lib/thumb/v7e-m/nofp\libc_nano.a(lib_a-impure.o)
                                        0x565 (size before relaxing)
 .debug_str     0x0000000000000571      0x110 c:/programfiles/msys64/ucrt64/bin/../lib/gcc/arm-none-eabi/12.2.0/../../../../arm-none-eabi/lib/thumb/v7e-m/nofp\libc_nano.a(lib_a-init.o)
                                        0x215 (size before relaxing)
 .debug_str     0x0000000000000681       0xd4 c:/programfiles/msys64/ucrt64/bin/../lib/gcc/arm-none-eabi/12.2.0/../../../../arm-none-eabi/lib/thumb/v7e-m/nofp\libc_nano.a(lib_a-malloc.o)
                                        0x53a (size before relaxing)
 .debug_str     0x0000000000000755       0xca c:/programfiles/msys64/ucrt64/bin/../lib/gcc/arm-none-eabi/12.2.0/../../../../arm-none-eabi/lib/thumb/v7e-m/nofp\libc_nano.a(lib_a-memset.o)
                                        0x1ca (size before relaxing)
 .debug_str     0x000000000000081f       0xb4 c:/programfiles/msys64/ucrt64/bin/../lib/gcc/arm-none-eabi/12.2.0/../../../../arm-none-eabi/lib/thumb/v7e-m/nofp\libc_nano.a(lib_a-nano-freer.o)
                                        0x59c (size before relaxing)
 .debug_str     0x00000000000008d3       0x67 c:/programfiles/msys64/ucrt64/bin/../lib/gcc/arm-none-eabi/12.2.0/../../../../arm-none-eabi/lib/thumb/v7e-m/nofp\libc_nano.a(lib_a-nano-mallocr.o)
                                        0x5fb (size before relaxing)
 .debug_str     0x000000000000093a       0xf0 c:/programfiles/msys64/ucrt64/bin/../lib/gcc/arm-none-eabi/12.2.0/../../../../arm-none-eabi/lib/thumb/v7e-m/nofp\libc_nano.a(lib_a-printf.o)
                                        0x557 (size before relaxing)
 .debug_str     0x0000000000000a2a       0x3d c:/programfiles/msys64/ucrt64/bin/../lib/gcc/arm-none-eabi/12.2.0/../../../../arm-none-eabi/lib/thumb/v7e-m/nofp\libc_nano.a(lib_a-sbrkr.o)
                                        0x51d (size before relaxing)
 .debug_str     0x0000000000000a67      0x274 c:/programfiles/msys64/ucrt64/bin/../lib/gcc/arm-none-eabi/12.2.0/../../../../arm-none-eabi/lib/thumb/v7e-m/nofp\libc_nano.a(lib_a-findfp.o)
                                        0x810 (size before relaxing)
 .debug_str     0x0000000000000cdb       0x41 c:/programfiles/msys64/ucrt64/bin/../lib/gcc/arm-none-eabi/12.2.0/../../../../arm-none-eabi/lib/thumb/v7e-m/nofp\libc_nano.a(lib_a-fwalk.o)
                                        0x52b (size before relaxing)
 .debug_str     0x0000000000000d1c      0x1b1 c:/programfiles/msys64/ucrt64/bin/../lib/gcc/arm-none-eabi/12.2.0/../../../../arm-none-eabi/lib/thumb/v7e-m/nofp\libc_nano.a(lib_a-lock.o)
                                        0x346 (size before relaxing)
 .debug_str     0x0000000000000ecd       0x33 c:/programfiles/msys64/ucrt64/bin/../lib/gcc/arm-none-eabi/12.2.0/../../../../arm-none-eabi/lib/thumb/v7e-m/nofp\libc_nano.a(lib_a-mlock.o)
                                        0x597 (size before relaxing)
 .debug_str     0x0000000000000f00      0x2ab c:/programfiles/msys64/ucrt64/bin/../lib/gcc/arm-none-eabi/12.2.0/../../../../arm-none-eabi/lib/thumb/v7e-m/nofp\libc_nano.a(lib_a-nano-vfprintf.o)
                                        0x904 (size before relaxing)
 .debug_str     0x00000000000011ab       0x94 c:/programfiles/msys64/ucrt64/bin/../lib/gcc/arm-none-eabi/12.2.0/../../../../arm-none-eabi/lib/thumb/v7e-m/nofp\libc_nano.a(lib_a-nano-vfprintf_i.o)
                                        0x7f3 (size before relaxing)
 .debug_str     0x000000000000123f       0x5e c:/programfiles/msys64/ucrt64/bin/../lib/gcc/arm-none-eabi/12.2.0/../../../../arm-none-eabi/lib/thumb/v7e-m/nofp\libc_nano.a(lib_a-reent.o)
                                        0x545 (size before relaxing)
 .debug_str     0x000000000000129d       0x70 c:/programfiles/msys64/ucrt64/bin/../lib/gcc/arm-none-eabi/12.2.0/../../../../arm-none-eabi/lib/thumb/v7e-m/nofp\libc_nano.a(lib_a-stdio.o)
                                        0x581 (size before relaxing)
 .debug_str     0x000000000000130d       0x39 c:/programfiles/msys64/ucrt64/bin/../lib/gcc/arm-none-eabi/12.2.0/../../../../arm-none-eabi/lib/thumb/v7e-m/nofp\libc_nano.a(lib_a-wbuf.o)
                                        0x589 (size before relaxing)
 .debug_str     0x0000000000001346       0x33 c:/programfiles/msys64/ucrt64/bin/../lib/gcc/arm-none-eabi/12.2.0/../../../../arm-none-eabi/lib/thumb/v7e-m/nofp\libc_nano.a(lib_a-writer.o)
                                        0x51a (size before relaxing)
 .debug_str     0x0000000000001379       0x40 c:/programfiles/msys64/ucrt64/bin/../lib/gcc/arm-none-eabi/12.2.0/../../../../arm-none-eabi/lib/thumb/v7e-m/nofp\libc_nano.a(lib_a-wsetup.o)
                                        0x584 (size before relaxing)
 .debug_str     0x00000000000013b9       0x33 c:/programfiles/msys64/ucrt64/bin/../lib/gcc/arm-none-eabi/12.2.0/../../../../arm-none-eabi/lib/thumb/v7e-m/nofp\libc_nano.a(lib_a-closer.o)
                                        0x50a (size before relaxing)
 .debug_str     0x00000000000013ec       0x56 c:/programfiles/msys64/ucrt64/bin/../lib/gcc/arm-none-eabi/12.2.0/../../../../arm-none-eabi/lib/thumb/v7e-m/nofp\libc_nano.a(lib_a-fflush.o)
                                        0x609 (size before relaxing)
 .debug_str     0x0000000000001442       0x6c c:/programfiles/msys64/ucrt64/bin/../lib/gcc/arm-none-eabi/12.2.0/../../../../arm-none-eabi/lib/thumb/v7e-m/nofp\libc_nano.a(lib_a-fvwrite.o)
                                        0x5b8 (size before relaxing)
 .debug_str     0x00000000000014ae       0x3a c:/programfiles/msys64/ucrt64/bin/../lib/gcc/arm-none-eabi/12.2.0/../../../../arm-none-eabi/lib/thumb/v7e-m/nofp\libc_nano.a(lib_a-lseekr.o)
                                        0x518 (size before relaxing)
 .debug_str     0x00000000000014e8      0x16c c:/programfiles/msys64/ucrt64/bin/../lib/gcc/arm-none-eabi/12.2.0/../../../../arm-none-eabi/lib/thumb/v7e-m/nofp\libc_nano.a(lib_a-makebuf.o)
                                        0x6b2 (size before relaxing)
 .debug_str     0x0000000000001654       0xc3 c:/programfiles/msys64/ucrt64/bin/../lib/gcc/arm-none-eabi/12.2.0/../../../../arm-none-eabi/lib/thumb/v7e-m/nofp\libc_nano.a(lib_a-memchr.o)
                                         0xcf (size before relaxing)
 .debug_str     0x0000000000001717       0x43 c:/programfiles/msys64/ucrt64/bin/../lib/gcc/arm-none-eabi/12.2.0/../../../../arm-none-eabi/lib/thumb/v7e-m/nofp\libc_nano.a(lib_a-memcpy.o)
                                         0xdd (size before relaxing)
 .debug_str     0x000000000000175a       0x66 c:/programfiles/msys64/ucrt64/bin/../lib/gcc/arm-none-eabi/12.2.0/../../../../arm-none-eabi/lib/thumb/v7e-m/nofp\libc_nano.a(lib_a-memmove.o)
                                        0x1e9 (size before relaxing)
 .debug_str     0x00000000000017c0       0x2c c:/programfiles/msys64/ucrt64/bin/../lib/gcc/arm-none-eabi/12.2.0/../../../../arm-none-eabi/lib/thumb/v7e-m/nofp\libc_nano.a(lib_a-nano-reallocr.o)
                                        0x58f (size before relaxing)
 .debug_str     0x00000000000017ec       0x32 c:/programfiles/msys64/ucrt64/bin/../lib/gcc/arm-none-eabi/12.2.0/../../../../arm-none-eabi/lib/thumb/v7e-m/nofp\libc_nano.a(lib_a-readr.o)
                                        0x518 (size before relaxing)
 .debug_str     0x000000000000181e       0x40 c:/programfiles/msys64/ucrt64/bin/../lib/gcc/arm-none-eabi/12.2.0/../../../../arm-none-eabi/lib/thumb/v7e-m/nofp\libc_nano.a(lib_a-fstatr.o)
                                        0x65c (size before relaxing)
 .debug_str     0x000000000000185e       0x3c c:/programfiles/msys64/ucrt64/bin/../lib/gcc/arm-none-eabi/12.2.0/../../../../arm-none-eabi/lib/thumb/v7e-m/nofp\libc_nano.a(lib_a-isattyr.o)
                                        0x514 (size before relaxing)
 .debug_str     0x000000000000189a        0xf c:/programfiles/msys64/ucrt64/bin/../lib/gcc/arm-none-eabi/12.2.0/../../../../arm-none-eabi/lib/thumb/v7e-m/nofp\libc_nano.a(lib_a-nano-msizer.o)
                                        0x564 (size before relaxing)

.debug_frame    0x0000000000000000      0xac0
 .debug_frame   0x0000000000000000       0x34 build/main.o
 .debug_frame   0x0000000000000034       0x2c c:/programfiles/msys64/ucrt64/bin/../lib/gcc/arm-none-eabi/12.2.0/../../../../arm-none-eabi/lib/thumb/v7e-m/nofp\libc_nano.a(lib_a-init.o)
 .debug_frame   0x0000000000000060       0x30 c:/programfiles/msys64/ucrt64/bin/../lib/gcc/arm-none-eabi/12.2.0/../../../../arm-none-eabi/lib/thumb/v7e-m/nofp\libc_nano.a(lib_a-malloc.o)
 .debug_frame   0x0000000000000090       0x2c c:/programfiles/msys64/ucrt64/bin/../lib/gcc/arm-none-eabi/12.2.0/../../../../arm-none-eabi/lib/thumb/v7e-m/nofp\libc_nano.a(lib_a-memset.o)
 .debug_frame   0x00000000000000bc       0x58 c:/programfiles/msys64/ucrt64/bin/../lib/gcc/arm-none-eabi/12.2.0/../../../../arm-none-eabi/lib/thumb/v7e-m/nofp\libc_nano.a(lib_a-nano-freer.o)
 .debug_frame   0x0000000000000114       0x4c c:/programfiles/msys64/ucrt64/bin/../lib/gcc/arm-none-eabi/12.2.0/../../../../arm-none-eabi/lib/thumb/v7e-m/nofp\libc_nano.a(lib_a-nano-mallocr.o)
 .debug_frame   0x0000000000000160       0x7c c:/programfiles/msys64/ucrt64/bin/../lib/gcc/arm-none-eabi/12.2.0/../../../../arm-none-eabi/lib/thumb/v7e-m/nofp\libc_nano.a(lib_a-printf.o)
 .debug_frame   0x00000000000001dc       0x2c c:/programfiles/msys64/ucrt64/bin/../lib/gcc/arm-none-eabi/12.2.0/../../../../arm-none-eabi/lib/thumb/v7e-m/nofp\libc_nano.a(lib_a-sbrkr.o)
 .debug_frame   0x0000000000000208      0x15c c:/programfiles/msys64/ucrt64/bin/../lib/gcc/arm-none-eabi/12.2.0/../../../../arm-none-eabi/lib/thumb/v7e-m/nofp\libc_nano.a(lib_a-findfp.o)
 .debug_frame   0x0000000000000364       0x54 c:/programfiles/msys64/ucrt64/bin/../lib/gcc/arm-none-eabi/12.2.0/../../../../arm-none-eabi/lib/thumb/v7e-m/nofp\libc_nano.a(lib_a-fwalk.o)
 .debug_frame   0x00000000000003b8       0xb0 c:/programfiles/msys64/ucrt64/bin/../lib/gcc/arm-none-eabi/12.2.0/../../../../arm-none-eabi/lib/thumb/v7e-m/nofp\libc_nano.a(lib_a-lock.o)
 .debug_frame   0x0000000000000468       0x30 c:/programfiles/msys64/ucrt64/bin/../lib/gcc/arm-none-eabi/12.2.0/../../../../arm-none-eabi/lib/thumb/v7e-m/nofp\libc_nano.a(lib_a-mlock.o)
 .debug_frame   0x0000000000000498       0xac c:/programfiles/msys64/ucrt64/bin/../lib/gcc/arm-none-eabi/12.2.0/../../../../arm-none-eabi/lib/thumb/v7e-m/nofp\libc_nano.a(lib_a-nano-vfprintf.o)
 .debug_frame   0x0000000000000544       0x6c c:/programfiles/msys64/ucrt64/bin/../lib/gcc/arm-none-eabi/12.2.0/../../../../arm-none-eabi/lib/thumb/v7e-m/nofp\libc_nano.a(lib_a-nano-vfprintf_i.o)
 .debug_frame   0x00000000000005b0       0x70 c:/programfiles/msys64/ucrt64/bin/../lib/gcc/arm-none-eabi/12.2.0/../../../../arm-none-eabi/lib/thumb/v7e-m/nofp\libc_nano.a(lib_a-reent.o)
 .debug_frame   0x0000000000000620       0x8c c:/programfiles/msys64/ucrt64/bin/../lib/gcc/arm-none-eabi/12.2.0/../../../../arm-none-eabi/lib/thumb/v7e-m/nofp\libc_nano.a(lib_a-stdio.o)
 .debug_frame   0x00000000000006ac       0x4c c:/programfiles/msys64/ucrt64/bin/../lib/gcc/arm-none-eabi/12.2.0/../../../../arm-none-eabi/lib/thumb/v7e-m/nofp\libc_nano.a(lib_a-wbuf.o)
 .debug_frame   0x00000000000006f8       0x2c c:/programfiles/msys64/ucrt64/bin/../lib/gcc/arm-none-eabi/12.2.0/../../../../arm-none-eabi/lib/thumb/v7e-m/nofp\libc_nano.a(lib_a-writer.o)
 .debug_frame   0x0000000000000724       0x2c c:/programfiles/msys64/ucrt64/bin/../lib/gcc/arm-none-eabi/12.2.0/../../../../arm-none-eabi/lib/thumb/v7e-m/nofp\libc_nano.a(lib_a-wsetup.o)
 .debug_frame   0x0000000000000750       0x2c c:/programfiles/msys64/ucrt64/bin/../lib/gcc/arm-none-eabi/12.2.0/../../../../arm-none-eabi/lib/thumb/v7e-m/nofp\libc_nano.a(lib_a-closer.o)
 .debug_frame   0x000000000000077c       0x5c c:/programfiles/msys64/ucrt64/bin/../lib/gcc/arm-none-eabi/12.2.0/../../../../arm-none-eabi/lib/thumb/v7e-m/nofp\libc_nano.a(lib_a-fflush.o)
 .debug_frame   0x00000000000007d8       0x64 c:/programfiles/msys64/ucrt64/bin/../lib/gcc/arm-none-eabi/12.2.0/../../../../arm-none-eabi/lib/thumb/v7e-m/nofp\libc_nano.a(lib_a-fvwrite.o)
 .debug_frame   0x000000000000083c       0x2c c:/programfiles/msys64/ucrt64/bin/../lib/gcc/arm-none-eabi/12.2.0/../../../../arm-none-eabi/lib/thumb/v7e-m/nofp\libc_nano.a(lib_a-lseekr.o)
 .debug_frame   0x0000000000000868       0x5c c:/programfiles/msys64/ucrt64/bin/../lib/gcc/arm-none-eabi/12.2.0/../../../../arm-none-eabi/lib/thumb/v7e-m/nofp\libc_nano.a(lib_a-makebuf.o)
 .debug_frame   0x00000000000008c4       0x40 c:/programfiles/msys64/ucrt64/bin/../lib/gcc/arm-none-eabi/12.2.0/../../../../arm-none-eabi/lib/thumb/v7e-m/nofp\libc_nano.a(lib_a-memmove.o)
 .debug_frame   0x0000000000000904       0x38 c:/programfiles/msys64/ucrt64/bin/../lib/gcc/arm-none-eabi/12.2.0/../../../../arm-none-eabi/lib/thumb/v7e-m/nofp\libc_nano.a(lib_a-nano-reallocr.o)
 .debug_frame   0x000000000000093c       0x2c c:/programfiles/msys64/ucrt64/bin/../lib/gcc/arm-none-eabi/12.2.0/../../../../arm-none-eabi/lib/thumb/v7e-m/nofp\libc_nano.a(lib_a-readr.o)
 .debug_frame   0x0000000000000968       0x2c c:/programfiles/msys64/ucrt64/bin/../lib/gcc/arm-none-eabi/12.2.0/../../../../arm-none-eabi/lib/thumb/v7e-m/nofp\libc_nano.a(lib_a-fstatr.o)
 .debug_frame   0x0000000000000994       0x2c c:/programfiles/msys64/ucrt64/bin/../lib/gcc/arm-none-eabi/12.2.0/../../../../arm-none-eabi/lib/thumb/v7e-m/nofp\libc_nano.a(lib_a-isattyr.o)
 .debug_frame   0x00000000000009c0       0x20 c:/programfiles/msys64/ucrt64/bin/../lib/gcc/arm-none-eabi/12.2.0/../../../../arm-none-eabi/lib/thumb/v7e-m/nofp\libc_nano.a(lib_a-nano-msizer.o)
 .debug_frame   0x00000000000009e0       0x20 c:/programfiles/msys64/ucrt64/bin/../lib/gcc/arm-none-eabi/12.2.0/../../../../arm-none-eabi/lib/thumb/v7e-m/nofp\libnosys.a(close.o)
 .debug_frame   0x0000000000000a00       0x20 c:/programfiles/msys64/ucrt64/bin/../lib/gcc/arm-none-eabi/12.2.0/../../../../arm-none-eabi/lib/thumb/v7e-m/nofp\libnosys.a(fstat.o)
 .debug_frame   0x0000000000000a20       0x20 c:/programfiles/msys64/ucrt64/bin/../lib/gcc/arm-none-eabi/12.2.0/../../../../arm-none-eabi/lib/thumb/v7e-m/nofp\libnosys.a(isatty.o)
 .debug_frame   0x0000000000000a40       0x20 c:/programfiles/msys64/ucrt64/bin/../lib/gcc/arm-none-eabi/12.2.0/../../../../arm-none-eabi/lib/thumb/v7e-m/nofp\libnosys.a(lseek.o)
 .debug_frame   0x0000000000000a60       0x20 c:/programfiles/msys64/ucrt64/bin/../lib/gcc/arm-none-eabi/12.2.0/../../../../arm-none-eabi/lib/thumb/v7e-m/nofp\libnosys.a(read.o)
 .debug_frame   0x0000000000000a80       0x20 c:/programfiles/msys64/ucrt64/bin/../lib/gcc/arm-none-eabi/12.2.0/../../../../arm-none-eabi/lib/thumb/v7e-m/nofp\libnosys.a(sbrk.o)
 .debug_frame   0x0000000000000aa0       0x20 c:/programfiles/msys64/ucrt64/bin/../lib/gcc/arm-none-eabi/12.2.0/../../../../arm-none-eabi/lib/thumb/v7e-m/nofp\libnosys.a(write.o)

.debug_loclists
                0x0000000000000000     0x263b
 .debug_loclists
                0x0000000000000000       0x65 c:/programfiles/msys64/ucrt64/bin/../lib/gcc/arm-none-eabi/12.2.0/../../../../arm-none-eabi/lib/thumb/v7e-m/nofp\libc_nano.a(lib_a-init.o)
 .debug_loclists
                0x0000000000000065       0x3e c:/programfiles/msys64/ucrt64/bin/../lib/gcc/arm-none-eabi/12.2.0/../../../../arm-none-eabi/lib/thumb/v7e-m/nofp\libc_nano.a(lib_a-malloc.o)
 .debug_loclists
                0x00000000000000a3      0x1b6 c:/programfiles/msys64/ucrt64/bin/../lib/gcc/arm-none-eabi/12.2.0/../../../../arm-none-eabi/lib/thumb/v7e-m/nofp\libc_nano.a(lib_a-memset.o)
 .debug_loclists
                0x0000000000000259      0x146 c:/programfiles/msys64/ucrt64/bin/../lib/gcc/arm-none-eabi/12.2.0/../../../../arm-none-eabi/lib/thumb/v7e-m/nofp\libc_nano.a(lib_a-nano-freer.o)
 .debug_loclists
                0x000000000000039f      0x270 c:/programfiles/msys64/ucrt64/bin/../lib/gcc/arm-none-eabi/12.2.0/../../../../arm-none-eabi/lib/thumb/v7e-m/nofp\libc_nano.a(lib_a-nano-mallocr.o)
 .debug_loclists
                0x000000000000060f       0x52 c:/programfiles/msys64/ucrt64/bin/../lib/gcc/arm-none-eabi/12.2.0/../../../../arm-none-eabi/lib/thumb/v7e-m/nofp\libc_nano.a(lib_a-printf.o)
 .debug_loclists
                0x0000000000000661       0x3f c:/programfiles/msys64/ucrt64/bin/../lib/gcc/arm-none-eabi/12.2.0/../../../../arm-none-eabi/lib/thumb/v7e-m/nofp\libc_nano.a(lib_a-sbrkr.o)
 .debug_loclists
                0x00000000000006a0      0x26b c:/programfiles/msys64/ucrt64/bin/../lib/gcc/arm-none-eabi/12.2.0/../../../../arm-none-eabi/lib/thumb/v7e-m/nofp\libc_nano.a(lib_a-findfp.o)
 .debug_loclists
                0x000000000000090b       0xe1 c:/programfiles/msys64/ucrt64/bin/../lib/gcc/arm-none-eabi/12.2.0/../../../../arm-none-eabi/lib/thumb/v7e-m/nofp\libc_nano.a(lib_a-fwalk.o)
 .debug_loclists
                0x00000000000009ec       0x1e c:/programfiles/msys64/ucrt64/bin/../lib/gcc/arm-none-eabi/12.2.0/../../../../arm-none-eabi/lib/thumb/v7e-m/nofp\libc_nano.a(lib_a-lock.o)
 .debug_loclists
                0x0000000000000a0a       0x30 c:/programfiles/msys64/ucrt64/bin/../lib/gcc/arm-none-eabi/12.2.0/../../../../arm-none-eabi/lib/thumb/v7e-m/nofp\libc_nano.a(lib_a-mlock.o)
 .debug_loclists
                0x0000000000000a3a      0x595 c:/programfiles/msys64/ucrt64/bin/../lib/gcc/arm-none-eabi/12.2.0/../../../../arm-none-eabi/lib/thumb/v7e-m/nofp\libc_nano.a(lib_a-nano-vfprintf.o)
 .debug_loclists
                0x0000000000000fcf      0x3a5 c:/programfiles/msys64/ucrt64/bin/../lib/gcc/arm-none-eabi/12.2.0/../../../../arm-none-eabi/lib/thumb/v7e-m/nofp\libc_nano.a(lib_a-nano-vfprintf_i.o)
 .debug_loclists
                0x0000000000001374       0xf2 c:/programfiles/msys64/ucrt64/bin/../lib/gcc/arm-none-eabi/12.2.0/../../../../arm-none-eabi/lib/thumb/v7e-m/nofp\libc_nano.a(lib_a-reent.o)
 .debug_loclists
                0x0000000000001466      0x1e1 c:/programfiles/msys64/ucrt64/bin/../lib/gcc/arm-none-eabi/12.2.0/../../../../arm-none-eabi/lib/thumb/v7e-m/nofp\libc_nano.a(lib_a-stdio.o)
 .debug_loclists
                0x0000000000001647       0xe4 c:/programfiles/msys64/ucrt64/bin/../lib/gcc/arm-none-eabi/12.2.0/../../../../arm-none-eabi/lib/thumb/v7e-m/nofp\libc_nano.a(lib_a-wbuf.o)
 .debug_loclists
                0x000000000000172b       0x86 c:/programfiles/msys64/ucrt64/bin/../lib/gcc/arm-none-eabi/12.2.0/../../../../arm-none-eabi/lib/thumb/v7e-m/nofp\libc_nano.a(lib_a-writer.o)
 .debug_loclists
                0x00000000000017b1       0x69 c:/programfiles/msys64/ucrt64/bin/../lib/gcc/arm-none-eabi/12.2.0/../../../../arm-none-eabi/lib/thumb/v7e-m/nofp\libc_nano.a(lib_a-wsetup.o)
 .debug_loclists
                0x000000000000181a       0x3f c:/programfiles/msys64/ucrt64/bin/../lib/gcc/arm-none-eabi/12.2.0/../../../../arm-none-eabi/lib/thumb/v7e-m/nofp\libc_nano.a(lib_a-closer.o)
 .debug_loclists
                0x0000000000001859      0x217 c:/programfiles/msys64/ucrt64/bin/../lib/gcc/arm-none-eabi/12.2.0/../../../../arm-none-eabi/lib/thumb/v7e-m/nofp\libc_nano.a(lib_a-fflush.o)
 .debug_loclists
                0x0000000000001a70      0x40f c:/programfiles/msys64/ucrt64/bin/../lib/gcc/arm-none-eabi/12.2.0/../../../../arm-none-eabi/lib/thumb/v7e-m/nofp\libc_nano.a(lib_a-fvwrite.o)
 .debug_loclists
                0x0000000000001e7f       0x86 c:/programfiles/msys64/ucrt64/bin/../lib/gcc/arm-none-eabi/12.2.0/../../../../arm-none-eabi/lib/thumb/v7e-m/nofp\libc_nano.a(lib_a-lseekr.o)
 .debug_loclists
                0x0000000000001f05      0x1b0 c:/programfiles/msys64/ucrt64/bin/../lib/gcc/arm-none-eabi/12.2.0/../../../../arm-none-eabi/lib/thumb/v7e-m/nofp\libc_nano.a(lib_a-makebuf.o)
 .debug_loclists
                0x00000000000020b5      0x209 c:/programfiles/msys64/ucrt64/bin/../lib/gcc/arm-none-eabi/12.2.0/../../../../arm-none-eabi/lib/thumb/v7e-m/nofp\libc_nano.a(lib_a-memmove.o)
 .debug_loclists
                0x00000000000022be       0xf2 c:/programfiles/msys64/ucrt64/bin/../lib/gcc/arm-none-eabi/12.2.0/../../../../arm-none-eabi/lib/thumb/v7e-m/nofp\libc_nano.a(lib_a-nano-reallocr.o)
 .debug_loclists
                0x00000000000023b0       0x86 c:/programfiles/msys64/ucrt64/bin/../lib/gcc/arm-none-eabi/12.2.0/../../../../arm-none-eabi/lib/thumb/v7e-m/nofp\libc_nano.a(lib_a-readr.o)
 .debug_loclists
                0x0000000000002436       0x5f c:/programfiles/msys64/ucrt64/bin/../lib/gcc/arm-none-eabi/12.2.0/../../../../arm-none-eabi/lib/thumb/v7e-m/nofp\libc_nano.a(lib_a-fstatr.o)
 .debug_loclists
                0x0000000000002495       0x3f c:/programfiles/msys64/ucrt64/bin/../lib/gcc/arm-none-eabi/12.2.0/../../../../arm-none-eabi/lib/thumb/v7e-m/nofp\libc_nano.a(lib_a-isattyr.o)
 .debug_loclists
                0x00000000000024d4       0x53 c:/programfiles/msys64/ucrt64/bin/../lib/gcc/arm-none-eabi/12.2.0/../../../../arm-none-eabi/lib/thumb/v7e-m/nofp\libc_nano.a(lib_a-nano-msizer.o)
 .debug_loclists
                0x0000000000002527       0x1e c:/programfiles/msys64/ucrt64/bin/../lib/gcc/arm-none-eabi/12.2.0/../../../../arm-none-eabi/lib/thumb/v7e-m/nofp\libnosys.a(close.o)
 .debug_loclists
                0x0000000000002545       0x1e c:/programfiles/msys64/ucrt64/bin/../lib/gcc/arm-none-eabi/12.2.0/../../../../arm-none-eabi/lib/thumb/v7e-m/nofp\libnosys.a(fstat.o)
 .debug_loclists
                0x0000000000002563       0x1e c:/programfiles/msys64/ucrt64/bin/../lib/gcc/arm-none-eabi/12.2.0/../../../../arm-none-eabi/lib/thumb/v7e-m/nofp\libnosys.a(isatty.o)
 .debug_loclists
                0x0000000000002581       0x30 c:/programfiles/msys64/ucrt64/bin/../lib/gcc/arm-none-eabi/12.2.0/../../../../arm-none-eabi/lib/thumb/v7e-m/nofp\libnosys.a(lseek.o)
 .debug_loclists
                0x00000000000025b1       0x30 c:/programfiles/msys64/ucrt64/bin/../lib/gcc/arm-none-eabi/12.2.0/../../../../arm-none-eabi/lib/thumb/v7e-m/nofp\libnosys.a(read.o)
 .debug_loclists
                0x00000000000025e1       0x2a c:/programfiles/msys64/ucrt64/bin/../lib/gcc/arm-none-eabi/12.2.0/../../../../arm-none-eabi/lib/thumb/v7e-m/nofp\libnosys.a(sbrk.o)
 .debug_loclists
                0x000000000000260b       0x30 c:/programfiles/msys64/ucrt64/bin/../lib/gcc/arm-none-eabi/12.2.0/../../../../arm-none-eabi/lib/thumb/v7e-m/nofp\libnosys.a(write.o)

.debug_rnglists
                0x0000000000000000      0x1f8
 .debug_rnglists
                0x0000000000000000       0x13 c:/programfiles/msys64/ucrt64/bin/../lib/gcc/arm-none-eabi/12.2.0/../../../../arm-none-eabi/lib/thumb/v7e-m/nofp\libc_nano.a(lib_a-nano-freer.o)
 .debug_rnglists
                0x0000000000000013       0x1e c:/programfiles/msys64/ucrt64/bin/../lib/gcc/arm-none-eabi/12.2.0/../../../../arm-none-eabi/lib/thumb/v7e-m/nofp\libc_nano.a(lib_a-nano-mallocr.o)
 .debug_rnglists
                0x0000000000000031       0x9a c:/programfiles/msys64/ucrt64/bin/../lib/gcc/arm-none-eabi/12.2.0/../../../../arm-none-eabi/lib/thumb/v7e-m/nofp\libc_nano.a(lib_a-findfp.o)
 .debug_rnglists
                0x00000000000000cb       0x1a c:/programfiles/msys64/ucrt64/bin/../lib/gcc/arm-none-eabi/12.2.0/../../../../arm-none-eabi/lib/thumb/v7e-m/nofp\libc_nano.a(lib_a-nano-vfprintf.o)
 .debug_rnglists
                0x00000000000000e5       0x61 c:/programfiles/msys64/ucrt64/bin/../lib/gcc/arm-none-eabi/12.2.0/../../../../arm-none-eabi/lib/thumb/v7e-m/nofp\libc_nano.a(lib_a-nano-vfprintf_i.o)
 .debug_rnglists
                0x0000000000000146       0x16 c:/programfiles/msys64/ucrt64/bin/../lib/gcc/arm-none-eabi/12.2.0/../../../../arm-none-eabi/lib/thumb/v7e-m/nofp\libc_nano.a(lib_a-wbuf.o)
 .debug_rnglists
                0x000000000000015c       0x1e c:/programfiles/msys64/ucrt64/bin/../lib/gcc/arm-none-eabi/12.2.0/../../../../arm-none-eabi/lib/thumb/v7e-m/nofp\libc_nano.a(lib_a-wsetup.o)
 .debug_rnglists
                0x000000000000017a       0x33 c:/programfiles/msys64/ucrt64/bin/../lib/gcc/arm-none-eabi/12.2.0/../../../../arm-none-eabi/lib/thumb/v7e-m/nofp\libc_nano.a(lib_a-fflush.o)
 .debug_rnglists
                0x00000000000001ad       0x2b c:/programfiles/msys64/ucrt64/bin/../lib/gcc/arm-none-eabi/12.2.0/../../../../arm-none-eabi/lib/thumb/v7e-m/nofp\libc_nano.a(lib_a-fvwrite.o)
 .debug_rnglists
                0x00000000000001d8       0x20 c:/programfiles/msys64/ucrt64/bin/../lib/gcc/arm-none-eabi/12.2.0/../../../../arm-none-eabi/lib/thumb/v7e-m/nofp\libc_nano.a(lib_a-makebuf.o)

.stab           0x0000000000000000       0x9c
 .stab          0x0000000000000000       0x24 c:/programfiles/msys64/ucrt64/bin/../lib/gcc/arm-none-eabi/12.2.0/../../../../arm-none-eabi/lib/thumb/v7e-m/nofp\libnosys.a(close.o)
 .stab          0x0000000000000024       0x18 c:/programfiles/msys64/ucrt64/bin/../lib/gcc/arm-none-eabi/12.2.0/../../../../arm-none-eabi/lib/thumb/v7e-m/nofp\libnosys.a(fstat.o)
                                         0x24 (size before relaxing)
 .stab          0x000000000000003c       0x18 c:/programfiles/msys64/ucrt64/bin/../lib/gcc/arm-none-eabi/12.2.0/../../../../arm-none-eabi/lib/thumb/v7e-m/nofp\libnosys.a(isatty.o)
                                         0x24 (size before relaxing)
 .stab          0x0000000000000054       0x18 c:/programfiles/msys64/ucrt64/bin/../lib/gcc/arm-none-eabi/12.2.0/../../../../arm-none-eabi/lib/thumb/v7e-m/nofp\libnosys.a(lseek.o)
                                         0x24 (size before relaxing)
 .stab          0x000000000000006c       0x18 c:/programfiles/msys64/ucrt64/bin/../lib/gcc/arm-none-eabi/12.2.0/../../../../arm-none-eabi/lib/thumb/v7e-m/nofp\libnosys.a(read.o)
                                         0x24 (size before relaxing)
 .stab          0x0000000000000084       0x18 c:/programfiles/msys64/ucrt64/bin/../lib/gcc/arm-none-eabi/12.2.0/../../../../arm-none-eabi/lib/thumb/v7e-m/nofp\libnosys.a(write.o)
                                         0x24 (size before relaxing)

.stabstr        0x0000000000000000      0x14d
 .stabstr       0x0000000000000000      0x14d c:/programfiles/msys64/ucrt64/bin/../lib/gcc/arm-none-eabi/12.2.0/../../../../arm-none-eabi/lib/thumb/v7e-m/nofp\libnosys.a(close.o)
